Component: ARM Compiler 5.06 update 1 (build 61) Tool: armlink [4d35a8]

==============================================================================

Section Cross References

    f103_adc_s.o(i._ZN3ADC10InitAdcDmaEPh) refers to stm32f10x_rcc.o(i.RCC_AHBPeriphClockCmd) for RCC_AHBPeriphClockCmd
    f103_adc_s.o(i._ZN3ADC10InitAdcDmaEPh) refers to stm32f10x_rcc.o(i.RCC_APB2PeriphClockCmd) for RCC_APB2PeriphClockCmd
    f103_adc_s.o(i._ZN3ADC10InitAdcDmaEPh) refers to stm32f10x_rcc.o(i.RCC_ADCCLKConfig) for RCC_ADCCLKConfig
    f103_adc_s.o(i._ZN3ADC10InitAdcDmaEPh) refers to stm32f10x_dma.o(i.DMA_DeInit) for DMA_DeInit
    f103_adc_s.o(i._ZN3ADC10InitAdcDmaEPh) refers to stm32f10x_dma.o(i.DMA_Init) for DMA_Init
    f103_adc_s.o(i._ZN3ADC10InitAdcDmaEPh) refers to stm32f10x_dma.o(i.DMA_Cmd) for DMA_Cmd
    f103_adc_s.o(i._ZN3ADC10InitAdcDmaEPh) refers to stm32f10x_adc.o(i.ADC_Init) for ADC_Init
    f103_adc_s.o(i._ZN3ADC10InitAdcDmaEPh) refers to stm32f10x_adc.o(i.ADC_RegularChannelConfig) for ADC_RegularChannelConfig
    f103_adc_s.o(i._ZN3ADC10InitAdcDmaEPh) refers to stm32f10x_adc.o(i.ADC_DMACmd) for ADC_DMACmd
    f103_adc_s.o(i._ZN3ADC10InitAdcDmaEPh) refers to stm32f10x_adc.o(i.ADC_Cmd) for ADC_Cmd
    f103_adc_s.o(i._ZN3ADC10InitAdcDmaEPh) refers to stm32f10x_adc.o(i.ADC_ResetCalibration) for ADC_ResetCalibration
    f103_adc_s.o(i._ZN3ADC10InitAdcDmaEPh) refers to stm32f10x_adc.o(i.ADC_GetResetCalibrationStatus) for ADC_GetResetCalibrationStatus
    f103_adc_s.o(i._ZN3ADC10InitAdcDmaEPh) refers to stm32f10x_adc.o(i.ADC_StartCalibration) for ADC_StartCalibration
    f103_adc_s.o(i._ZN3ADC10InitAdcDmaEPh) refers to stm32f10x_adc.o(i.ADC_GetCalibrationStatus) for ADC_GetCalibrationStatus
    f103_adc_s.o(i._ZN3ADC10InitAdcDmaEPh) refers to stm32f10x_adc.o(i.ADC_SoftwareStartConvCmd) for ADC_SoftwareStartConvCmd
    f103_adc_s.o(i._ZN3ADC13ChannelToGpioEhhhhhhhhhh) refers to stm32f10x_rcc.o(i.RCC_APB2PeriphClockCmd) for RCC_APB2PeriphClockCmd
    f103_adc_s.o(i._ZN3ADC13ChannelToGpioEhhhhhhhhhh) refers to stm32f10x_gpio.o(i.GPIO_Init) for GPIO_Init
    f103_adc_s.o(i._ZN3ADC13ChannelToGpioEhhhhhhhhhh) refers to f103_adc_s.o(.data) for gpioArr
    f103_adc_s.o(.ARM.exidx) refers to f103_adc_s.o(i._ZN3ADC10InitAdcDmaEPh) for i._ZN3ADC10InitAdcDmaEPh
    f103_adc_s.o(.ARM.exidx) refers to f103_adc_s.o(i._ZN3ADC13ChannelToGpioEhhhhhhhhhh) for i._ZN3ADC13ChannelToGpioEhhhhhhhhhh
    f103_pwm.o(i._ZN3PWM7CalcuteEt) refers to f103_pwm.o(i._ZN3PWM8Calcute2Ejjjb) for PWM::Calcute2(unsigned, unsigned, unsigned, bool)
    f103_pwm.o(i._ZN3PWM7PWMInitEP11TIM_TypeDefbbbbtb) refers to stm32f10x_rcc.o(i.RCC_APB2PeriphClockCmd) for RCC_APB2PeriphClockCmd
    f103_pwm.o(i._ZN3PWM7PWMInitEP11TIM_TypeDefbbbbtb) refers to stm32f10x_rcc.o(i.RCC_APB1PeriphClockCmd) for RCC_APB1PeriphClockCmd
    f103_pwm.o(i._ZN3PWM7PWMInitEP11TIM_TypeDefbbbbtb) refers to stm32f10x_gpio.o(i.GPIO_Init) for GPIO_Init
    f103_pwm.o(i._ZN3PWM7PWMInitEP11TIM_TypeDefbbbbtb) refers to stm32f10x_tim.o(i.TIM_TimeBaseInit) for TIM_TimeBaseInit
    f103_pwm.o(i._ZN3PWM7PWMInitEP11TIM_TypeDefbbbbtb) refers to stm32f10x_tim.o(i.TIM_OC1Init) for TIM_OC1Init
    f103_pwm.o(i._ZN3PWM7PWMInitEP11TIM_TypeDefbbbbtb) refers to stm32f10x_tim.o(i.TIM_OC1PreloadConfig) for TIM_OC1PreloadConfig
    f103_pwm.o(i._ZN3PWM7PWMInitEP11TIM_TypeDefbbbbtb) refers to stm32f10x_tim.o(i.TIM_OC2Init) for TIM_OC2Init
    f103_pwm.o(i._ZN3PWM7PWMInitEP11TIM_TypeDefbbbbtb) refers to stm32f10x_tim.o(i.TIM_OC2PreloadConfig) for TIM_OC2PreloadConfig
    f103_pwm.o(i._ZN3PWM7PWMInitEP11TIM_TypeDefbbbbtb) refers to stm32f10x_tim.o(i.TIM_OC3Init) for TIM_OC3Init
    f103_pwm.o(i._ZN3PWM7PWMInitEP11TIM_TypeDefbbbbtb) refers to stm32f10x_tim.o(i.TIM_OC3PreloadConfig) for TIM_OC3PreloadConfig
    f103_pwm.o(i._ZN3PWM7PWMInitEP11TIM_TypeDefbbbbtb) refers to stm32f10x_tim.o(i.TIM_OC4Init) for TIM_OC4Init
    f103_pwm.o(i._ZN3PWM7PWMInitEP11TIM_TypeDefbbbbtb) refers to stm32f10x_tim.o(i.TIM_OC4PreloadConfig) for TIM_OC4PreloadConfig
    f103_pwm.o(i._ZN3PWM7PWMInitEP11TIM_TypeDefbbbbtb) refers to stm32f10x_tim.o(i.TIM_Cmd) for TIM_Cmd
    f103_pwm.o(i._ZN3PWM7SetDutyEffffb) refers to faddsub_clz.o(x$fpl$fsub) for __aeabi_fsub
    f103_pwm.o(i._ZN3PWM7SetDutyEffffb) refers to fflt_clz.o(x$fpl$ffltu) for __aeabi_ui2f
    f103_pwm.o(i._ZN3PWM7SetDutyEffffb) refers to fdiv.o(x$fpl$fdiv) for __aeabi_fdiv
    f103_pwm.o(i._ZN3PWM7SetDutyEffffb) refers to fmul.o(x$fpl$fmul) for __aeabi_fmul
    f103_pwm.o(i._ZN3PWM7SetDutyEffffb) refers to ffixu.o(x$fpl$ffixu) for __aeabi_f2uiz
    f103_pwm.o(i._ZN3PWM7SetDutyEhfb) refers to faddsub_clz.o(x$fpl$fsub) for __aeabi_fsub
    f103_pwm.o(i._ZN3PWM7SetDutyEhfb) refers to fflt_clz.o(x$fpl$ffltu) for __aeabi_ui2f
    f103_pwm.o(i._ZN3PWM7SetDutyEhfb) refers to fdiv.o(x$fpl$fdiv) for __aeabi_fdiv
    f103_pwm.o(i._ZN3PWM7SetDutyEhfb) refers to fmul.o(x$fpl$fmul) for __aeabi_fmul
[...]
    Removing stm32f10x_rcc.o(i.RCC_RTCCLKConfig), (16 bytes).
    Removing stm32f10x_rcc.o(i.RCC_SYSCLKConfig), (24 bytes).
    Removing stm32f10x_rcc.o(i.RCC_USBCLKConfig), (12 bytes).
    Removing stm32f10x_rcc.o(i.RCC_WaitForHSEStartUp), (56 bytes).
    Removing stm32f10x_rcc.o(.data), (20 bytes).
    Removing stm32f10x_tim.o(.rev16_text), (4 bytes).
    Removing stm32f10x_tim.o(.revsh_text), (4 bytes).
    Removing stm32f10x_tim.o(.rrx_text), (6 bytes).
    Removing stm32f10x_tim.o(i.TI1_Config), (128 bytes).
    Removing stm32f10x_tim.o(i.TI2_Config), (152 bytes).
    Removing stm32f10x_tim.o(i.TI3_Config), (144 bytes).
    Removing stm32f10x_tim.o(i.TI4_Config), (152 bytes).
    Removing stm32f10x_tim.o(i.TIM_ARRPreloadConfig), (24 bytes).
    Removing stm32f10x_tim.o(i.TIM_BDTRConfig), (32 bytes).
    Removing stm32f10x_tim.o(i.TIM_BDTRStructInit), (18 bytes).
    Removing stm32f10x_tim.o(i.TIM_CCPreloadControl), (24 bytes).
    Removing stm32f10x_tim.o(i.TIM_CCxCmd), (30 bytes).
    Removing stm32f10x_tim.o(i.TIM_CCxNCmd), (30 bytes).
    Removing stm32f10x_tim.o(i.TIM_ClearFlag), (6 bytes).
    Removing stm32f10x_tim.o(i.TIM_ClearOC1Ref), (18 bytes).
    Removing stm32f10x_tim.o(i.TIM_ClearOC2Ref), (24 bytes).
    Removing stm32f10x_tim.o(i.TIM_ClearOC3Ref), (18 bytes).
    Removing stm32f10x_tim.o(i.TIM_ClearOC4Ref), (24 bytes).
    Removing stm32f10x_tim.o(i.TIM_CounterModeConfig), (18 bytes).
    Removing stm32f10x_tim.o(i.TIM_CtrlPWMOutputs), (30 bytes).
    Removing stm32f10x_tim.o(i.TIM_DMACmd), (18 bytes).
    Removing stm32f10x_tim.o(i.TIM_DMAConfig), (10 bytes).
    Removing stm32f10x_tim.o(i.TIM_DeInit), (488 bytes).
    Removing stm32f10x_tim.o(i.TIM_ETRClockMode1Config), (54 bytes).
    Removing stm32f10x_tim.o(i.TIM_ETRClockMode2Config), (32 bytes).
    Removing stm32f10x_tim.o(i.TIM_ETRConfig), (28 bytes).
    Removing stm32f10x_tim.o(i.TIM_EncoderInterfaceConfig), (66 bytes).
    Removing stm32f10x_tim.o(i.TIM_ForcedOC1Config), (18 bytes).
    Removing stm32f10x_tim.o(i.TIM_ForcedOC2Config), (26 bytes).
    Removing stm32f10x_tim.o(i.TIM_ForcedOC3Config), (18 bytes).
    Removing stm32f10x_tim.o(i.TIM_ForcedOC4Config), (26 bytes).
    Removing stm32f10x_tim.o(i.TIM_GenerateEvent), (4 bytes).
    Removing stm32f10x_tim.o(i.TIM_GetCapture1), (6 bytes).
    Removing stm32f10x_tim.o(i.TIM_GetCapture2), (6 bytes).
    Removing stm32f10x_tim.o(i.TIM_GetCapture3), (6 bytes).
    Removing stm32f10x_tim.o(i.TIM_GetCapture4), (8 bytes).
    Removing stm32f10x_tim.o(i.TIM_GetCounter), (6 bytes).
    Removing stm32f10x_tim.o(i.TIM_GetFlagStatus), (18 bytes).
    Removing stm32f10x_tim.o(i.TIM_GetPrescaler), (6 bytes).
    Removing stm32f10x_tim.o(i.TIM_ICInit), (172 bytes).
    Removing stm32f10x_tim.o(i.TIM_ICStructInit), (18 bytes).
    Removing stm32f10x_tim.o(i.TIM_ITConfig), (18 bytes).
    Removing stm32f10x_tim.o(i.TIM_ITRxExternalClockConfig), (24 bytes).
    Removing stm32f10x_tim.o(i.TIM_InternalClockConfig), (12 bytes).
    Removing stm32f10x_tim.o(i.TIM_OC1FastConfig), (18 bytes).
    Removing stm32f10x_tim.o(i.TIM_OC1NPolarityConfig), (18 bytes).
    Removing stm32f10x_tim.o(i.TIM_OC1PolarityConfig), (18 bytes).
    Removing stm32f10x_tim.o(i.TIM_OC2FastConfig), (26 bytes).
    Removing stm32f10x_tim.o(i.TIM_OC2NPolarityConfig), (26 bytes).
    Removing stm32f10x_tim.o(i.TIM_OC2PolarityConfig), (26 bytes).
    Removing stm32f10x_tim.o(i.TIM_OC3FastConfig), (18 bytes).
    Removing stm32f10x_tim.o(i.TIM_OC3NPolarityConfig), (26 bytes).
    Removing stm32f10x_tim.o(i.TIM_OC3PolarityConfig), (26 bytes).
    Removing stm32f10x_tim.o(i.TIM_OC4FastConfig), (26 bytes).
    Removing stm32f10x_tim.o(i.TIM_OC4PolarityConfig), (26 bytes).
    Removing stm32f10x_tim.o(i.TIM_OCStructInit), (20 bytes).
    Removing stm32f10x_tim.o(i.TIM_PWMIConfig), (124 bytes).
    Removing stm32f10x_tim.o(i.TIM_PrescalerConfig), (6 bytes).
    Removing stm32f10x_tim.o(i.TIM_SelectCCDMA), (24 bytes).
    Removing stm32f10x_tim.o(i.TIM_SelectCOM), (24 bytes).
    Removing stm32f10x_tim.o(i.TIM_SelectHallSensor), (24 bytes).
    Removing stm32f10x_tim.o(i.TIM_SelectInputTrigger), (18 bytes).
    Removing stm32f10x_tim.o(i.TIM_SelectMasterSlaveMode), (18 bytes).
    Removing stm32f10x_tim.o(i.TIM_SelectOCxM), (82 bytes).
    Removing stm32f10x_tim.o(i.TIM_SelectOnePulseMode), (18 bytes).
    Removing stm32f10x_tim.o(i.TIM_SelectOutputTrigger), (18 bytes).
    Removing stm32f10x_tim.o(i.TIM_SelectSlaveMode), (18 bytes).
    Removing stm32f10x_tim.o(i.TIM_SetAutoreload), (4 bytes).
    Removing stm32f10x_tim.o(i.TIM_SetClockDivision), (18 bytes).
    Removing stm32f10x_tim.o(i.TIM_SetCompare1), (4 bytes).
    Removing stm32f10x_tim.o(i.TIM_SetCompare2), (4 bytes).
    Removing stm32f10x_tim.o(i.TIM_SetCompare3), (4 bytes).
    Removing stm32f10x_tim.o(i.TIM_SetCompare4), (6 bytes).
    Removing stm32f10x_tim.o(i.TIM_SetCounter), (4 bytes).
    Removing stm32f10x_tim.o(i.TIM_SetIC1Prescaler), (18 bytes).
    Removing stm32f10x_tim.o(i.TIM_SetIC2Prescaler), (26 bytes).
    Removing stm32f10x_tim.o(i.TIM_SetIC3Prescaler), (18 bytes).
    Removing stm32f10x_tim.o(i.TIM_SetIC4Prescaler), (26 bytes).
    Removing stm32f10x_tim.o(i.TIM_TIxExternalClockConfig), (62 bytes).
    Removing stm32f10x_tim.o(i.TIM_TimeBaseStructInit), (18 bytes).
    Removing stm32f10x_tim.o(i.TIM_UpdateDisableConfig), (24 bytes).
    Removing stm32f10x_tim.o(i.TIM_UpdateRequestConfig), (24 bytes).
    Removing stm32f10x_usart.o(.rev16_text), (4 bytes).
    Removing stm32f10x_usart.o(.revsh_text), (4 bytes).
    Removing stm32f10x_usart.o(.rrx_text), (6 bytes).
    Removing stm32f10x_usart.o(i.USART_ClearFlag), (18 bytes).
    Removing stm32f10x_usart.o(i.USART_ClockInit), (34 bytes).
    Removing stm32f10x_usart.o(i.USART_ClockStructInit), (12 bytes).
    Removing stm32f10x_usart.o(i.USART_Cmd), (24 bytes).
    Removing stm32f10x_usart.o(i.USART_DMACmd), (18 bytes).
    Removing stm32f10x_usart.o(i.USART_DeInit), (156 bytes).
    Removing stm32f10x_usart.o(i.USART_GetFlagStatus), (26 bytes).
    Removing stm32f10x_usart.o(i.USART_HalfDuplexCmd), (24 bytes).
    Removing stm32f10x_usart.o(i.USART_Init), (216 bytes).
    Removing stm32f10x_usart.o(i.USART_IrDACmd), (24 bytes).
    Removing stm32f10x_usart.o(i.USART_IrDAConfig), (18 bytes).
    Removing stm32f10x_usart.o(i.USART_LINBreakDetectLengthConfig), (18 bytes).
    Removing stm32f10x_usart.o(i.USART_LINCmd), (24 bytes).
    Removing stm32f10x_usart.o(i.USART_OneBitMethodCmd), (24 bytes).
    Removing stm32f10x_usart.o(i.USART_OverSampling8Cmd), (22 bytes).
    Removing stm32f10x_usart.o(i.USART_ReceiverWakeUpCmd), (24 bytes).
    Removing stm32f10x_usart.o(i.USART_SendBreak), (10 bytes).
    Removing stm32f10x_usart.o(i.USART_SetAddress), (18 bytes).
    Removing stm32f10x_usart.o(i.USART_SetGuardTime), (16 bytes).
    Removing stm32f10x_usart.o(i.USART_SetPrescaler), (16 bytes).
    Removing stm32f10x_usart.o(i.USART_SmartCardCmd), (24 bytes).
    Removing stm32f10x_usart.o(i.USART_SmartCardNACKCmd), (24 bytes).
    Removing stm32f10x_usart.o(i.USART_StructInit), (24 bytes).
    Removing stm32f10x_usart.o(i.USART_WakeUpConfig), (18 bytes).
    Removing system_stm32f10x.o(.rev16_text), (4 bytes).
    Removing system_stm32f10x.o(.revsh_text), (4 bytes).
    Removing system_stm32f10x.o(.rrx_text), (6 bytes).
    Removing system_stm32f10x.o(i.SystemCoreClockUpdate), (164 bytes).
    Removing system_stm32f10x.o(.data), (20 bytes).
    Removing usart.o(t._ZN10FIFOBufferIhLt256EEC1Ev), (12 bytes).
    Removing usart.o(.ARM.exidx), (8 bytes).
    Removing usart.o(.ARM.exidx), (8 bytes).
    Removing usart.o(.ARM.exidx), (8 bytes).
    Removing usart.o(t._ZN10FIFOBufferIhLt256EE4PutsEPht), (82 bytes).
    Removing usart.o(.ARM.exidx), (8 bytes).
    Removing usart.o(.ARM.exidx), (8 bytes).
    Removing usart.o(.ARM.exidx), (8 bytes).
    Removing usart.o(t._ZN10FIFOBufferIhLt256EE5ClearEv), (12 bytes).
    Removing usart.o(.ARM.exidx), (8 bytes).
    Removing main.o(.ARM.exidx), (8 bytes).

396 unused section(s) (total 11588 bytes) removed from the image.

==============================================================================

Image Symbol Table

    Local Symbols

    Symbol Name                              Value     Ov Type        Size  Object(Section)

    ../clib/angel/boardlib.s                 0x00000000   Number         0  boardinit3.o ABSOLUTE
    ../clib/angel/boardlib.s                 0x00000000   Number         0  boardinit2.o ABSOLUTE
    ../clib/angel/boardlib.s                 0x00000000   Number         0  boardshut.o ABSOLUTE
    ../clib/angel/boardlib.s                 0x00000000   Number         0  boardinit1.o ABSOLUTE
    ../clib/angel/handlers.s                 0x00000000   Number         0  __scatter_zi.o ABSOLUTE
    ../clib/angel/handlers.s                 0x00000000   Number         0  __scatter_copy.o ABSOLUTE
    ../clib/angel/kernel.s                   0x00000000   Number         0  rtexit2.o ABSOLUTE
    ../clib/angel/kernel.s                   0x00000000   Number         0  __rtentry2.o ABSOLUTE
    ../clib/angel/kernel.s                   0x00000000   Number         0  __rtentry4.o ABSOLUTE
    ../clib/angel/kernel.s                   0x00000000   Number         0  rtexit.o ABSOLUTE
    ../clib/angel/kernel.s                   0x00000000   Number         0  __rtentry.o ABSOLUTE
    ../clib/angel/rt.s                       0x00000000   Number         0  rt_raise.o ABSOLUTE
    ../clib/angel/scatter.s                  0x00000000   Number         0  __scatter.o ABSOLUTE
    ../clib/angel/startup.s                  0x00000000   Number         0  __main.o ABSOLUTE
    ../clib/angel/sys.s                      0x00000000   Number         0  indicate_semi.o ABSOLUTE
    ../clib/angel/sys.s                      0x00000000   Number         0  use_no_semi.o ABSOLUTE
    ../clib/angel/sys.s                      0x00000000   Number         0  sys_stackheap_outer.o ABSOLUTE
    ../clib/angel/sys.s                      0x00000000   Number         0  libspace.o ABSOLUTE
    ../clib/angel/sysapp.c                   0x00000000   Number         0  sys_command.o ABSOLUTE
    ../clib/angel/sysapp.c                   0x00000000   Number         0  sys_wrch.o ABSOLUTE
    ../clib/angel/sysapp.c                   0x00000000   Number         0  sys_exit.o ABSOLUTE
    ../clib/arm_runtime.c                    0x00000000   Number         0  init_aeabi.o ABSOLUTE
    ../clib/arm_runtime.c                    0x00000000   Number         0  init_aeabi.o ABSOLUTE
    ../clib/armsys.c                         0x00000000   Number         0  argv_veneer.o ABSOLUTE
    ../clib/armsys.c                         0x00000000   Number         0  argv_veneer.o ABSOLUTE
    ../clib/armsys.c                         0x00000000   Number         0  no_argv.o ABSOLUTE
    ../clib/armsys.c                         0x00000000   Number         0  _get_argv_nomalloc.o ABSOLUTE
    ../clib/heapalloc.c                      0x00000000   Number         0  hrguard.o ABSOLUTE
    ../clib/heapaux.c                        0x00000000   Number         0  heapauxi.o ABSOLUTE
    ../clib/libinit.s                        0x00000000   Number         0  libshutdown2.o ABSOLUTE
    ../clib/libinit.s                        0x00000000   Number         0  libinit2.o ABSOLUTE
    ../clib/libinit.s                        0x00000000   Number         0  libinit.o ABSOLUTE
    ../clib/libinit.s                        0x00000000   Number         0  libshutdown.o ABSOLUTE
    ../clib/memcpset.s                       0x00000000   Number         0  rt_memclr_w.o ABSOLUTE
    ../clib/memcpset.s                       0x00000000   Number         0  rt_memcpy_w.o ABSOLUTE
    ../clib/signal.c                         0x00000000   Number         0  defsig_rtmem_formal.o ABSOLUTE
    ../clib/signal.c                         0x00000000   Number         0  defsig_rtred_inner.o ABSOLUTE
    ../clib/signal.c                         0x00000000   Number         0  defsig_rtmem_outer.o ABSOLUTE
    ../clib/signal.c                         0x00000000   Number         0  defsig_abrt_inner.o ABSOLUTE
    ../clib/signal.c                         0x00000000   Number         0  defsig_stak_inner.o ABSOLUTE
    ../clib/signal.c                         0x00000000   Number         0  defsig_segv_inner.o ABSOLUTE
    ../clib/signal.c                         0x00000000   Number         0  defsig_other.o ABSOLUTE
    ../clib/signal.c                         0x00000000   Number         0  defsig_fpe_inner.o ABSOLUTE
    ../clib/signal.c                         0x00000000   Number         0  defsig_pvfn_inner.o ABSOLUTE
    ../clib/signal.c                         0x00000000   Number         0  defsig_general.o ABSOLUTE
    ../clib/signal.c                         0x00000000   Number         0  __raise.o ABSOLUTE
    ../clib/signal.c                         0x00000000   Number         0  defsig_cppl_inner.o ABSOLUTE
    ../clib/signal.c                         0x00000000   Number         0  defsig_rtmem_inner.o ABSOLUTE
    ../clib/signal.c                         0x00000000   Number         0  defsig_exit.o ABSOLUTE
    ../clib/signal.s                         0x00000000   Number         0  defsig.o ABSOLUTE
    ../clib/stdlib.c                         0x00000000   Number         0  exit.o ABSOLUTE
    ../fplib/d2f.s                           0x00000000   Number         0  d2f.o ABSOLUTE
    ../fplib/daddsub.s                       0x00000000   Number         0  daddsub_clz.o ABSOLUTE
    ../fplib/dcmpi.s                         0x00000000   Number         0  dcmpi.o ABSOLUTE
    ../fplib/ddiv.s                          0x00000000   Number         0  ddiv.o ABSOLUTE
    ../fplib/dfixu.s                         0x00000000   Number         0  dfixu.o ABSOLUTE
    ../fplib/dflt.s                          0x00000000   Number         0  dflt_clz.o ABSOLUTE
    ../fplib/dleqf.s                         0x00000000   Number         0  dleqf.o ABSOLUTE
    ../fplib/dmul.s                          0x00000000   Number         0  dmul.o ABSOLUTE
    ../fplib/dnaninf.s                       0x00000000   Number         0  dnaninf.o ABSOLUTE
    ../fplib/dretinf.s                       0x00000000   Number         0  dretinf.o ABSOLUTE
    ../fplib/drleqf.s                        0x00000000   Number         0  drleqf.o ABSOLUTE
    ../fplib/faddsub.s                       0x00000000   Number         0  faddsub_clz.o ABSOLUTE
    ../fplib/fdiv.s                          0x00000000   Number         0  fdiv.o ABSOLUTE
    ../fplib/ffixu.s                         0x00000000   Number         0  ffixu.o ABSOLUTE
    ../fplib/fflt.s                          0x00000000   Number         0  fflt_clz.o ABSOLUTE
    ../fplib/fmul.s                          0x00000000   Number         0  fmul.o ABSOLUTE
    ../fplib/fnaninf.s                       0x00000000   Number         0  fnaninf.o ABSOLUTE
    ../fplib/fpinit.s                        0x00000000   Number         0  fpinit.o ABSOLUTE
    ../fplib/fretinf.s                       0x00000000   Number         0  fretinf.o ABSOLUTE
    ../fplib/usenofp.s                       0x00000000   Number         0  usenofp.o ABSOLUTE
    ..\..\lib\src\F103_ADC_S.cpp             0x00000000   Number         0  f103_adc_s.o ABSOLUTE
    ..\..\lib\src\F103_PWM.cpp               0x00000000   Number         0  f103_pwm.o ABSOLUTE
    ..\..\lib\src\GPIO.cpp                   0x00000000   Number         0  gpio.o ABSOLUTE
    ..\..\lib\src\Interrupt.cpp              0x00000000   Number         0  interrupt.o ABSOLUTE
    ..\..\lib\src\LED.cpp                    0x00000000   Number         0  led.o ABSOLUTE
    ..\..\lib\src\StepMotor.cpp              0x00000000   Number         0  stepmotor.o ABSOLUTE
    ..\..\lib\src\TaskManager.cpp            0x00000000   Number         0  taskmanager.o ABSOLUTE
    ..\..\lib\src\Timer.cpp                  0x00000000   Number         0  timer.o ABSOLUTE
    ..\..\lib\src\USART.cpp                  0x00000000   Number         0  usart.o ABSOLUTE
    ..\..\lib\src\Voltage.cpp                0x00000000   Number         0  voltage.o ABSOLUTE
    ..\\..\\lib\\src\\F103_ADC_S.cpp         0x00000000   Number         0  f103_adc_s.o ABSOLUTE
    ..\\..\\lib\\src\\F103_PWM.cpp           0x00000000   Number         0  f103_pwm.o ABSOLUTE
    ..\\..\\lib\\src\\GPIO.cpp               0x00000000   Number         0  gpio.o ABSOLUTE
    ..\\..\\lib\\src\\Interrupt.cpp          0x00000000   Number         0  interrupt.o ABSOLUTE
    ..\\..\\lib\\src\\LED.cpp                0x00000000   Number         0  led.o ABSOLUTE
    ..\\..\\lib\\src\\StepMotor.cpp          0x00000000   Number         0  stepmotor.o ABSOLUTE
    ..\\..\\lib\\src\\TaskManager.cpp        0x00000000   Number         0  taskmanager.o ABSOLUTE
    ..\\..\\lib\\src\\Timer.cpp              0x00000000   Number         0  timer.o ABSOLUTE
    ..\\..\\lib\\src\\USART.cpp              0x00000000   Number         0  usart.o ABSOLUTE
    ..\\..\\lib\\src\\Voltage.cpp            0x00000000   Number         0  voltage.o ABSOLUTE
    ..\\sys\\main.cpp                        0x00000000   Number         0  main.o ABSOLUTE
    ..\sys\main.cpp                          0x00000000   Number         0  main.o ABSOLUTE
    D:\Program Files\keil\ARM\PACK\Keil\STM32F1xx_DFP\2.0.0\Device\StdPeriph_Driver\src\misc.c 0x00000000   Number         0  misc.o ABSOLUTE
    D:\Program Files\keil\ARM\PACK\Keil\STM32F1xx_DFP\2.0.0\Device\StdPeriph_Driver\src\stm32f10x_adc.c 0x00000000   Number         0  stm32f10x_adc.o ABSOLUTE
    D:\Program Files\keil\ARM\PACK\Keil\STM32F1xx_DFP\2.0.0\Device\StdPeriph_Driver\src\stm32f10x_crc.c 0x00000000   Number         0  stm32f10x_crc.o ABSOLUTE
    D:\Program Files\keil\ARM\PACK\Keil\STM32F1xx_DFP\2.0.0\Device\StdPeriph_Driver\src\stm32f10x_dma.c 0x00000000   Number         0  stm32f10x_dma.o ABSOLUTE
    D:\Program Files\keil\ARM\PACK\Keil\STM32F1xx_DFP\2.0.0\Device\StdPeriph_Driver\src\stm32f10x_gpio.c 0x00000000   Number         0  stm32f10x_gpio.o ABSOLUTE
    D:\Program Files\keil\ARM\PACK\Keil\STM32F1xx_DFP\2.0.0\Device\StdPeriph_Driver\src\stm32f10x_rcc.c 0x00000000   Number         0  stm32f10x_rcc.o ABSOLUTE
    D:\Program Files\keil\ARM\PACK\Keil\STM32F1xx_DFP\2.0.0\Device\StdPeriph_Driver\src\stm32f10x_tim.c 0x00000000   Number         0  stm32f10x_tim.o ABSOLUTE
    D:\Program Files\keil\ARM\PACK\Keil\STM32F1xx_DFP\2.0.0\Device\StdPeriph_Driver\src\stm32f10x_usart.c 0x00000000   Number         0  stm32f10x_usart.o ABSOLUTE
    D:\\Program Files\\keil\\ARM\\PACK\\Keil\\STM32F1xx_DFP\\2.0.0\\Device\\StdPeriph_Driver\\src\\misc.c 0x00000000   Number         0  misc.o ABSOLUTE
    D:\\Program Files\\keil\\ARM\\PACK\\Keil\\STM32F1xx_DFP\\2.0.0\\Device\\StdPeriph_Driver\\src\\stm32f10x_adc.c 0x00000000   Number         0  stm32f10x_adc.o ABSOLUTE
    D:\\Program Files\\keil\\ARM\\PACK\\Keil\\STM32F1xx_DFP\\2.0.0\\Device\\StdPeriph_Driver\\src\\stm32f10x_crc.c 0x00000000   Number         0  stm32f10x_crc.o ABSOLUTE
    D:\\Program Files\\keil\\ARM\\PACK\\Keil\\STM32F1xx_DFP\\2.0.0\\Device\\StdPeriph_Driver\\src\\stm32f10x_dma.c 0x00000000   Number         0  stm32f10x_dma.o ABSOLUTE
    D:\\Program Files\\keil\\ARM\\PACK\\Keil\\STM32F1xx_DFP\\2.0.0\\Device\\StdPeriph_Driver\\src\\stm32f10x_gpio.c 0x00000000   Number         0  stm32f10x_gpio.o ABSOLUTE
    D:\\Program Files\\keil\\ARM\\PACK\\Keil\\STM32F1xx_DFP\\2.0.0\\Device\\StdPeriph_Driver\\src\\stm32f10x_rcc.c 0x00000000   Number         0  stm32f10x_rcc.o ABSOLUTE
    D:\\Program Files\\keil\\ARM\\PACK\\Keil\\STM32F1xx_DFP\\2.0.0\\Device\\StdPeriph_Driver\\src\\stm32f10x_tim.c 0x00000000   Number         0  stm32f10x_tim.o ABSOLUTE
    D:\\Program Files\\keil\\ARM\\PACK\\Keil\\STM32F1xx_DFP\\2.0.0\\Device\\StdPeriph_Driver\\src\\stm32f10x_usart.c 0x00000000   Number         0  stm32f10x_usart.o ABSOLUTE
    RTE\Device\STM32F103C8\startup_stm32f10x_md.s 0x00000000   Number         0  startup_stm32f10x_md.o ABSOLUTE
    RTE\Device\STM32F103C8\system_stm32f10x.c 0x00000000   Number         0  system_stm32f10x.o ABSOLUTE
    RTE\\Device\\STM32F103C8\\system_stm32f10x.c 0x00000000   Number         0  system_stm32f10x.o ABSOLUTE
    dc.s                                     0x00000000   Number         0  dc.o ABSOLUTE
    RESET                                    0x08000000   Section      236  startup_stm32f10x_md.o(RESET)
    !!!main                                  0x080000ec   Section        8  __main.o(!!!main)
    !!!scatter                               0x080000f4   Section       52  __scatter.o(!!!scatter)
    !!handler_copy                           0x08000128   Section       26  __scatter_copy.o(!!handler_copy)
    !!handler_zi                             0x08000144   Section       28  __scatter_zi.o(!!handler_zi)
    .ARM.Collect$$libinit$$00000000          0x08000160   Section        2  libinit.o(.ARM.Collect$$libinit$$00000000)
    .ARM.Collect$$libinit$$00000002          0x08000162   Section        0  libinit2.o(.ARM.Collect$$libinit$$00000002)
    .ARM.Collect$$libinit$$00000004          0x08000162   Section        0  libinit2.o(.ARM.Collect$$libinit$$00000004)
    .ARM.Collect$$libinit$$0000000A          0x08000162   Section        0  libinit2.o(.ARM.Collect$$libinit$$0000000A)
    .ARM.Collect$$libinit$$0000000C          0x08000162   Section        0  libinit2.o(.ARM.Collect$$libinit$$0000000C)
    .ARM.Collect$$libinit$$0000000E          0x08000162   Section        0  libinit2.o(.ARM.Collect$$libinit$$0000000E)
    .ARM.Collect$$libinit$$00000011          0x08000162   Section        0  libinit2.o(.ARM.Collect$$libinit$$00000011)
    .ARM.Collect$$libinit$$00000013          0x08000162   Section        0  libinit2.o(.ARM.Collect$$libinit$$00000013)
    .ARM.Collect$$libinit$$00000015          0x08000162   Section        0  libinit2.o(.ARM.Collect$$libinit$$00000015)
    .ARM.Collect$$libinit$$00000017          0x08000162   Section        0  libinit2.o(.ARM.Collect$$libinit$$00000017)
    .ARM.Collect$$libinit$$00000019          0x08000162   Section        0  libinit2.o(.ARM.Collect$$libinit$$00000019)
    .ARM.Collect$$libinit$$0000001B          0x08000162   Section        0  libinit2.o(.ARM.Collect$$libinit$$0000001B)
    .ARM.Collect$$libinit$$0000001D          0x08000162   Section        0  libinit2.o(.ARM.Collect$$libinit$$0000001D)
    .ARM.Collect$$libinit$$0000001F          0x08000162   Section        0  libinit2.o(.ARM.Collect$$libinit$$0000001F)
    .ARM.Collect$$libinit$$00000021          0x08000162   Section        0  libinit2.o(.ARM.Collect$$libinit$$00000021)
    .ARM.Collect$$libinit$$00000023          0x08000162   Section        0  libinit2.o(.ARM.Collect$$libinit$$00000023)
    .ARM.Collect$$libinit$$00000025          0x08000162   Section        0  libinit2.o(.ARM.Collect$$libinit$$00000025)
    .ARM.Collect$$libinit$$0000002C          0x08000162   Section        0  libinit2.o(.ARM.Collect$$libinit$$0000002C)
    .ARM.Collect$$libinit$$0000002E          0x08000162   Section        0  libinit2.o(.ARM.Collect$$libinit$$0000002E)
    .ARM.Collect$$libinit$$00000030          0x08000162   Section        0  libinit2.o(.ARM.Collect$$libinit$$00000030)
    .ARM.Collect$$libinit$$00000031          0x08000162   Section        4  libinit2.o(.ARM.Collect$$libinit$$00000031)
    .ARM.Collect$$libinit$$00000032          0x08000166   Section        0  libinit2.o(.ARM.Collect$$libinit$$00000032)
    .ARM.Collect$$libinit$$00000033          0x08000166   Section        2  libinit2.o(.ARM.Collect$$libinit$$00000033)
    .ARM.Collect$$libshutdown$$00000000      0x08000168   Section        2  libshutdown.o(.ARM.Collect$$libshutdown$$00000000)
    .ARM.Collect$$libshutdown$$00000002      0x0800016a   Section        0  libshutdown2.o(.ARM.Collect$$libshutdown$$00000002)
    .ARM.Collect$$libshutdown$$00000004      0x0800016a   Section        0  libshutdown2.o(.ARM.Collect$$libshutdown$$00000004)
    .ARM.Collect$$libshutdown$$00000007      0x0800016a   Section        0  libshutdown2.o(.ARM.Collect$$libshutdown$$00000007)
    .ARM.Collect$$libshutdown$$0000000A      0x0800016a   Section        0  libshutdown2.o(.ARM.Collect$$libshutdown$$0000000A)
    .ARM.Collect$$libshutdown$$0000000C      0x0800016a   Section        0  libshutdown2.o(.ARM.Collect$$libshutdown$$0000000C)
    .ARM.Collect$$libshutdown$$0000000F      0x0800016a   Section        0  libshutdown2.o(.ARM.Collect$$libshutdown$$0000000F)
    .ARM.Collect$$libshutdown$$00000010      0x0800016a   Section        2  libshutdown2.o(.ARM.Collect$$libshutdown$$00000010)
    .ARM.Collect$$rtentry$$00000000          0x0800016c   Section        0  __rtentry.o(.ARM.Collect$$rtentry$$00000000)
    .ARM.Collect$$rtentry$$00000002          0x0800016c   Section        0  __rtentry2.o(.ARM.Collect$$rtentry$$00000002)
    .ARM.Collect$$rtentry$$00000004          0x0800016c   Section        6  __rtentry4.o(.ARM.Collect$$rtentry$$00000004)
    .ARM.Collect$$rtentry$$00000009          0x08000172   Section        0  __rtentry2.o(.ARM.Collect$$rtentry$$00000009)
    .ARM.Collect$$rtentry$$0000000A          0x08000172   Section        4  __rtentry2.o(.ARM.Collect$$rtentry$$0000000A)
    .ARM.Collect$$rtentry$$0000000C          0x08000176   Section        0  __rtentry2.o(.ARM.Collect$$rtentry$$0000000C)
    .ARM.Collect$$rtentry$$0000000D          0x08000176   Section        8  __rtentry2.o(.ARM.Collect$$rtentry$$0000000D)
    .ARM.Collect$$rtexit$$00000000           0x0800017e   Section        2  rtexit.o(.ARM.Collect$$rtexit$$00000000)
    .ARM.Collect$$rtexit$$00000002           0x08000180   Section        0  rtexit2.o(.ARM.Collect$$rtexit$$00000002)
    .ARM.Collect$$rtexit$$00000003           0x08000180   Section        4  rtexit2.o(.ARM.Collect$$rtexit$$00000003)
    .ARM.Collect$$rtexit$$00000004           0x08000184   Section        6  rtexit2.o(.ARM.Collect$$rtexit$$00000004)
    .text                                    0x0800018c   Section       64  startup_stm32f10x_md.o(.text)
    .text                                    0x080001cc   Section        0  heapauxi.o(.text)
    .text                                    0x080001d4   Section        0  init_aeabi.o(.text)
    .text                                    0x080001f8   Section       74  sys_stackheap_outer.o(.text)
    .text                                    0x08000242   Section        0  exit.o(.text)
    .text                                    0x08000254   Section        8  libspace.o(.text)
    .text                                    0x0800025c   Section        2  use_no_semi.o(.text)
    .text                                    0x0800025e   Section        0  indicate_semi.o(.text)
    .text                                    0x08000260   Section        0  sys_exit.o(.text)
    i.ADC_Cmd                                0x0800026c   Section        0  stm32f10x_adc.o(i.ADC_Cmd)
    i.ADC_DMACmd                             0x08000282   Section        0  stm32f10x_adc.o(i.ADC_DMACmd)
    i.ADC_GetCalibrationStatus               0x08000298   Section        0  stm32f10x_adc.o(i.ADC_GetCalibrationStatus)
    i.ADC_GetResetCalibrationStatus          0x080002ac   Section        0  stm32f10x_adc.o(i.ADC_GetResetCalibrationStatus)
    i.ADC_Init                               0x080002c0   Section        0  stm32f10x_adc.o(i.ADC_Init)
    i.ADC_RegularChannelConfig               0x08000310   Section        0  stm32f10x_adc.o(i.ADC_RegularChannelConfig)
    i.ADC_ResetCalibration                   0x080003c8   Section        0  stm32f10x_adc.o(i.ADC_ResetCalibration)
    i.ADC_SoftwareStartConvCmd               0x080003d2   Section        0  stm32f10x_adc.o(i.ADC_SoftwareStartConvCmd)
    i.ADC_StartCalibration                   0x080003e8   Section        0  stm32f10x_adc.o(i.ADC_StartCalibration)
    i.DMA1_Channel2_IRQHandler               0x080003f4   Section        0  interrupt.o(i.DMA1_Channel2_IRQHandler)
    i.DMA1_Channel4_IRQHandler               0x0800040c   Section        0  interrupt.o(i.DMA1_Channel4_IRQHandler)
    i.DMA1_Channel7_IRQHandler               0x08000424   Section        0  interrupt.o(i.DMA1_Channel7_IRQHandler)
    i.DMA_ClearFlag                          0x0800043c   Section        0  stm32f10x_dma.o(i.DMA_ClearFlag)
    i.DMA_ClearITPendingBit                  0x08000458   Section        0  stm32f10x_dma.o(i.DMA_ClearITPendingBit)
    i.DMA_Cmd                                0x08000474   Section        0  stm32f10x_dma.o(i.DMA_Cmd)
    i.DMA_DeInit                             0x0800048c   Section        0  stm32f10x_dma.o(i.DMA_DeInit)
    i.DMA_GetFlagStatus                      0x080005d8   Section        0  stm32f10x_dma.o(i.DMA_GetFlagStatus)
    i.DMA_Init                               0x08000604   Section        0  stm32f10x_dma.o(i.DMA_Init)
    i.GPIO_Init                              0x08000640   Section        0  stm32f10x_gpio.o(i.GPIO_Init)
    i.GPIO_ResetBits                         0x08000756   Section        0  stm32f10x_gpio.o(i.GPIO_ResetBits)
    i.GPIO_SetBits                           0x0800075a   Section        0  stm32f10x_gpio.o(i.GPIO_SetBits)
    i.RCC_ADCCLKConfig                       0x08000760   Section        0  stm32f10x_rcc.o(i.RCC_ADCCLKConfig)
    i.RCC_AHBPeriphClockCmd                  0x08000778   Section        0  stm32f10x_rcc.o(i.RCC_AHBPeriphClockCmd)
    i.RCC_APB1PeriphClockCmd                 0x08000798   Section        0  stm32f10x_rcc.o(i.RCC_APB1PeriphClockCmd)
    i.RCC_APB2PeriphClockCmd                 0x080007b8   Section        0  stm32f10x_rcc.o(i.RCC_APB2PeriphClockCmd)
    i.SetSysClock                            0x080007d8   Section        0  system_stm32f10x.o(i.SetSysClock)
    SetSysClock                              0x080007d9   Thumb Code     8  system_stm32f10x.o(i.SetSysClock)
    i.SetSysClockTo72                        0x080007e0   Section        0  system_stm32f10x.o(i.SetSysClockTo72)
    SetSysClockTo72                          0x080007e1   Thumb Code   214  system_stm32f10x.o(i.SetSysClockTo72)
    i.SysTick_Handler                        0x080008c0   Section        0  taskmanager.o(i.SysTick_Handler)
    i.SystemInit                             0x080008e0   Section        0  system_stm32f10x.o(i.SystemInit)
    i.TIM1_BRK_IRQHandler                    0x08000940   Section        0  interrupt.o(i.TIM1_BRK_IRQHandler)
    i.TIM1_TRG_COM_IRQHandler                0x08000942   Section        0  interrupt.o(i.TIM1_TRG_COM_IRQHandler)
    i.TIM1_UP_IRQHandler                     0x08000944   Section        0  interrupt.o(i.TIM1_UP_IRQHandler)
    i.TIM2_IRQHandler                        0x08000958   Section        0  interrupt.o(i.TIM2_IRQHandler)
    i.TIM3_IRQHandler                        0x08000974   Section        0  interrupt.o(i.TIM3_IRQHandler)
    i.TIM4_IRQHandler                        0x08000994   Section        0  interrupt.o(i.TIM4_IRQHandler)
    i.TIM_ClearITPendingBit                  0x080009b4   Section        0  stm32f10x_tim.o(i.TIM_ClearITPendingBit)
    i.TIM_Cmd                                0x080009ba   Section        0  stm32f10x_tim.o(i.TIM_Cmd)
    i.TIM_GetITStatus                        0x080009d2   Section        0  stm32f10x_tim.o(i.TIM_GetITStatus)
    i.TIM_OC1Init                            0x080009f4   Section        0  stm32f10x_tim.o(i.TIM_OC1Init)
    i.TIM_OC1PreloadConfig                   0x08000a8c   Section        0  stm32f10x_tim.o(i.TIM_OC1PreloadConfig)
    i.TIM_OC2Init                            0x08000aa0   Section        0  stm32f10x_tim.o(i.TIM_OC2Init)
    i.TIM_OC2PreloadConfig                   0x08000b44   Section        0  stm32f10x_tim.o(i.TIM_OC2PreloadConfig)
    i.TIM_OC3Init                            0x08000b60   Section        0  stm32f10x_tim.o(i.TIM_OC3Init)
    i.TIM_OC3PreloadConfig                   0x08000c00   Section        0  stm32f10x_tim.o(i.TIM_OC3PreloadConfig)
    i.TIM_OC4Init                            0x08000c14   Section        0  stm32f10x_tim.o(i.TIM_OC4Init)
    i.TIM_OC4PreloadConfig                   0x08000c90   Section        0  stm32f10x_tim.o(i.TIM_OC4PreloadConfig)
    i.TIM_TimeBaseInit                       0x08000cac   Section        0  stm32f10x_tim.o(i.TIM_TimeBaseInit)
    i.USART1_IRQHandler                      0x08000d50   Section        0  interrupt.o(i.USART1_IRQHandler)
    i.USART2_IRQHandler                      0x08000d68   Section        0  interrupt.o(i.USART2_IRQHandler)
    i.USART3_IRQHandler                      0x08000d80   Section        0  interrupt.o(i.USART3_IRQHandler)
    i.USART_ClearITPendingBit                0x08000d98   Section        0  stm32f10x_usart.o(i.USART_ClearITPendingBit)
    i.USART_GetITStatus                      0x08000db6   Section        0  stm32f10x_usart.o(i.USART_GetITStatus)
    i.USART_ITConfig                         0x08000e0a   Section        0  stm32f10x_usart.o(i.USART_ITConfig)
    i.USART_ReceiveData                      0x08000e54   Section        0  stm32f10x_usart.o(i.USART_ReceiveData)
    i.USART_SendData                         0x08000e5e   Section        0  stm32f10x_usart.o(i.USART_SendData)
    i._ZN11TaskManager4TimeEv                0x08000e68   Section        0  taskmanager.o(i._ZN11TaskManager4TimeEv)
    i._ZN11TaskManager7DelayMsEt             0x08000ef8   Section        0  taskmanager.o(i._ZN11TaskManager7DelayMsEt)
    i._ZN11TaskManagerC1Ev                   0x08000f3c   Section        0  taskmanager.o(i._ZN11TaskManagerC1Ev)
    i._ZN3ADC10InitAdcDmaEPh                 0x08000f60   Section        0  f103_adc_s.o(i._ZN3ADC10InitAdcDmaEPh)
    i._ZN3ADC13ChannelToGpioEhhhhhhhhhh      0x08001074   Section        0  f103_adc_s.o(i._ZN3ADC13ChannelToGpioEhhhhhhhhhh)
    i._ZN3ADCC1Ehhhhhhhhhh                   0x080011a4   Section        0  main.o(i._ZN3ADCC1Ehhhhhhhhhh)
    i._ZN3PWM7CalcuteEt                      0x080011f8   Section        0  f103_pwm.o(i._ZN3PWM7CalcuteEt)
    i._ZN3PWM7PWMInitEP11TIM_TypeDefbbbbtb   0x08001248   Section        0  f103_pwm.o(i._ZN3PWM7PWMInitEP11TIM_TypeDefbbbbtb)
    i._ZN3PWM7SetDutyEhfb                    0x080013fc   Section        0  f103_pwm.o(i._ZN3PWM7SetDutyEhfb)
    i._ZN3PWM8Calcute2Ejjjb                  0x08001470   Section        0  f103_pwm.o(i._ZN3PWM8Calcute2Ejjjb)
    i._ZN4GPIO17RCC_ConfigurationEv          0x080014e0   Section        0  gpio.o(i._ZN4GPIO17RCC_ConfigurationEv)
    i._ZN4GPIO8SetLevelEh                    0x08001580   Section        0  gpio.o(i._ZN4GPIO8SetLevelEh)
    i._ZN4GPIOC1EP12GPIO_TypeDeft16GPIOMode_TypeDef17GPIOSpeed_TypeDef 0x080015b0   Section        0  gpio.o(i._ZN4GPIOC1EP12GPIO_TypeDeft16GPIOMode_TypeDef17GPIOSpeed_TypeDef)
    i._ZN5USART3IrqEv                        0x080015f4   Section        0  usart.o(i._ZN5USART3IrqEv)
    i._ZN5USART6DmaIrqEv                     0x080016cc   Section        0  usart.o(i._ZN5USART6DmaIrqEv)
    i._ZN7VoltageC1EPth                      0x08001754   Section        0  voltage.o(i._ZN7VoltageC1EPth)
    i._ZN9StepMotor11MotorConfigEv           0x08001774   Section        0  stepmotor.o(i._ZN9StepMotor11MotorConfigEv)
    i._ZN9StepMotorC1ER4GPIOS1_S1_S1_        0x080017fc   Section        0  stepmotor.o(i._ZN9StepMotorC1ER4GPIOS1_S1_S1_)
    i.__sti___15_TaskManager_cpp_tskmgr      0x0800182c   Section        0  taskmanager.o(i.__sti___15_TaskManager_cpp_tskmgr)
    __sti___15_TaskManager_cpp_tskmgr        0x0800182d   Thumb Code    10  taskmanager.o(i.__sti___15_TaskManager_cpp_tskmgr)
    i.__sti___8_main_cpp_light               0x0800183c   Section        0  main.o(i.__sti___8_main_cpp_light)
    __sti___8_main_cpp_light                 0x0800183d   Thumb Code   190  main.o(i.__sti___8_main_cpp_light)
    i.main                                   0x08001920   Section        0  main.o(i.main)
    t._ZN10FIFOBufferIhLt256EE3GetERh        0x08001944   Section        0  usart.o(t._ZN10FIFOBufferIhLt256EE3GetERh)
    t._ZN10FIFOBufferIhLt256EE3PutERKh       0x08001978   Section        0  usart.o(t._ZN10FIFOBufferIhLt256EE3PutERKh)
    t._ZN10FIFOBufferIhLt256EE4GetsEPht      0x080019bc   Section        0  usart.o(t._ZN10FIFOBufferIhLt256EE4GetsEPht)
    t._ZN10FIFOBufferIhLt256EE4SizeEv        0x08001a00   Section        0  usart.o(t._ZN10FIFOBufferIhLt256EE4SizeEv)
    x$fpl$dadd                               0x08001a1c   Section      336  daddsub_clz.o(x$fpl$dadd)
    _dadd1                                   0x08001a2d   Thumb Code     0  daddsub_clz.o(x$fpl$dadd)
    x$fpl$dcmpinf                            0x08001b6c   Section       24  dcmpi.o(x$fpl$dcmpinf)
    x$fpl$ddiv                               0x08001b84   Section      688  ddiv.o(x$fpl$ddiv)
    ddiv_entry                               0x08001b8b   Thumb Code     0  ddiv.o(x$fpl$ddiv)
    x$fpl$dfltu                              0x08001e34   Section       38  dflt_clz.o(x$fpl$dfltu)
    x$fpl$dleqf                              0x08001e5c   Section      120  dleqf.o(x$fpl$dleqf)
    x$fpl$dnaninf                            0x08001ed4   Section      156  dnaninf.o(x$fpl$dnaninf)
    x$fpl$dretinf                            0x08001f70   Section       12  dretinf.o(x$fpl$dretinf)
    x$fpl$drleqf                             0x08001f7c   Section      108  drleqf.o(x$fpl$drleqf)
    x$fpl$dsub                               0x08001fe8   Section      468  daddsub_clz.o(x$fpl$dsub)
    _dsub1                                   0x08001ff9   Thumb Code     0  daddsub_clz.o(x$fpl$dsub)
    x$fpl$fadd                               0x080021bc   Section      196  faddsub_clz.o(x$fpl$fadd)
    _fadd1                                   0x080021cb   Thumb Code     0  faddsub_clz.o(x$fpl$fadd)
    x$fpl$fdiv                               0x08002280   Section      388  fdiv.o(x$fpl$fdiv)
    _fdiv1                                   0x08002281   Thumb Code     0  fdiv.o(x$fpl$fdiv)
    x$fpl$ffixu                              0x08002404   Section       62  ffixu.o(x$fpl$ffixu)
    x$fpl$ffltu                              0x08002444   Section       38  fflt_clz.o(x$fpl$ffltu)
    x$fpl$fmul                               0x0800246c   Section      258  fmul.o(x$fpl$fmul)
    x$fpl$fnaninf                            0x0800256e   Section      140  fnaninf.o(x$fpl$fnaninf)
    x$fpl$fretinf                            0x080025fa   Section       10  fretinf.o(x$fpl$fretinf)
    x$fpl$fsub                               0x08002604   Section      234  faddsub_clz.o(x$fpl$fsub)
    _fsub1                                   0x08002613   Thumb Code     0  faddsub_clz.o(x$fpl$fsub)
    .constdata                               0x080026ee   Section       32  gpio.o(.constdata)
    x$fpl$usenofp                            0x080026ee   Section        0  usenofp.o(x$fpl$usenofp)
    .constdata                               0x0800270e   Section        8  stepmotor.o(.constdata)
    .init_array                              0x08002738   Section        4  taskmanager.o(.init_array)
    .init_array                              0x0800273c   Section        4  main.o(.init_array)
    .init_array                              0x08002740   Section        0  init_aeabi.o(.init_array)
    .data                                    0x20000000   Section       44  f103_adc_s.o(.data)
    gpioArr                                  0x20000000   Data          12  f103_adc_s.o(.data)
    pinArr                                   0x2000000c   Data          32  f103_adc_s.o(.data)
    .data                                    0x2000002c   Section        1  stepmotor.o(.data)
    count                                    0x2000002c   Data           1  stepmotor.o(.data)
    .data                                    0x20000030   Section       32  taskmanager.o(.data)
    .data                                    0x20000050   Section        3  usart.o(.data)
    dataToSend                               0x20000050   Data           1  usart.o(.data)
    dataToSend                               0x20000051   Data           1  usart.o(.data)
    dataToSend                               0x20000052   Data           1  usart.o(.data)
    .data                                    0x20000054   Section       12  interrupt.o(.data)
    .bss                                     0x20000060   Section      296  main.o(.bss)
    .bss                                     0x20000188   Section       96  libspace.o(.bss)
    HEAP                                     0x200001e8   Section      512  startup_stm32f10x_md.o(HEAP)
    Heap_Mem                                 0x200001e8   Data         512  startup_stm32f10x_md.o(HEAP)
    STACK                                    0x200003e8   Section     1024  startup_stm32f10x_md.o(STACK)
    Stack_Mem                                0x200003e8   Data        1024  startup_stm32f10x_md.o(STACK)
    __initial_sp                             0x200007e8   Data           0  startup_stm32f10x_md.o(STACK)

    Global Symbols

    Symbol Name                              Value     Ov Type        Size  Object(Section)

    BuildAttributes$$THM_ISAv4$P$D$K$B$S$PE$A:L22UL41UL21$X:L11$S22US41US21$IEEE1$IW$USESV6$~STKCKD$USESV7$~SHL$OSPACE$ROPI$EBA8$UX$STANDARDLIB$REQ8$PRES8$EABIv2 0x00000000   Number         0  anon$$obj.o ABSOLUTE
    __ARM_use_no_argv                        0x00000000   Number         0  main.o ABSOLUTE
    Timer1_IRQ()                              - Undefined Weak Reference
    Timer2_IRQ()                              - Undefined Weak Reference
    Timer3_IRQ()                              - Undefined Weak Reference
    Timer4_IRQ()                              - Undefined Weak Reference
    __ARM_exceptions_init                     - Undefined Weak Reference
    __alloca_initialize                       - Undefined Weak Reference
    __arm_preinit_                            - Undefined Weak Reference
    __cxa_finalize                            - Undefined Weak Reference
    __rt_locale                               - Undefined Weak Reference
    __sigvec_lookup                           - Undefined Weak Reference
    _atexit_init                              - Undefined Weak Reference
    _call_atexit_fns                          - Undefined Weak Reference
    _clock_init                               - Undefined Weak Reference
    _fp_trap_init                             - Undefined Weak Reference
    _fp_trap_shutdown                         - Undefined Weak Reference
    _get_lc_collate                           - Undefined Weak Reference
    _get_lc_ctype                             - Undefined Weak Reference
    _get_lc_monetary                          - Undefined Weak Reference
    _get_lc_numeric                           - Undefined Weak Reference
    _get_lc_time                              - Undefined Weak Reference
    _getenv_init                              - Undefined Weak Reference
    _handle_redirection                       - Undefined Weak Reference
    _init_alloc                               - Undefined Weak Reference
    _init_user_alloc                          - Undefined Weak Reference
    _initio                                   - Undefined Weak Reference
    _rand_init                                - Undefined Weak Reference
    _signal_finish                            - Undefined Weak Reference
    _signal_init                              - Undefined Weak Reference
    _terminate_alloc                          - Undefined Weak Reference
    _terminate_user_alloc                     - Undefined Weak Reference
    _terminateio                              - Undefined Weak Reference
    __Vectors_Size                           0x000000ec   Number         0  startup_stm32f10x_md.o ABSOLUTE
    __Vectors                                0x08000000   Data           4  startup_stm32f10x_md.o(RESET)
    __Vectors_End                            0x080000ec   Data           0  startup_stm32f10x_md.o(RESET)
    __main                                   0x080000ed   Thumb Code     8  __main.o(!!!main)
    __scatterload                            0x080000f5   Thumb Code     0  __scatter.o(!!!scatter)
    __scatterload_rt2                        0x080000f5   Thumb Code    44  __scatter.o(!!!scatter)
    __scatterload_rt2_thumb_only             0x080000f5   Thumb Code     0  __scatter.o(!!!scatter)
    __scatterload_null                       0x08000103   Thumb Code     0  __scatter.o(!!!scatter)
    __scatterload_copy                       0x08000129   Thumb Code    26  __scatter_copy.o(!!handler_copy)
    __scatterload_zeroinit                   0x08000145   Thumb Code    28  __scatter_zi.o(!!handler_zi)
    __rt_lib_init                            0x08000161   Thumb Code     0  libinit.o(.ARM.Collect$$libinit$$00000000)
    __rt_lib_init_alloca_1                   0x08000163   Thumb Code     0  libinit2.o(.ARM.Collect$$libinit$$0000002E)
    __rt_lib_init_argv_1                     0x08000163   Thumb Code     0  libinit2.o(.ARM.Collect$$libinit$$0000002C)
    __rt_lib_init_atexit_1                   0x08000163   Thumb Code     0  libinit2.o(.ARM.Collect$$libinit$$0000001B)
    __rt_lib_init_clock_1                    0x08000163   Thumb Code     0  libinit2.o(.ARM.Collect$$libinit$$00000021)
    __rt_lib_init_cpp_2                      0x08000163   Thumb Code     0  libinit2.o(.ARM.Collect$$libinit$$00000031)
    __rt_lib_init_exceptions_1               0x08000163   Thumb Code     0  libinit2.o(.ARM.Collect$$libinit$$00000030)
    __rt_lib_init_fp_1                       0x08000163   Thumb Code     0  libinit2.o(.ARM.Collect$$libinit$$00000002)
    __rt_lib_init_fp_trap_1                  0x08000163   Thumb Code     0  libinit2.o(.ARM.Collect$$libinit$$0000001F)
    __rt_lib_init_getenv_1                   0x08000163   Thumb Code     0  libinit2.o(.ARM.Collect$$libinit$$00000023)
    __rt_lib_init_heap_1                     0x08000163   Thumb Code     0  libinit2.o(.ARM.Collect$$libinit$$0000000A)
    __rt_lib_init_lc_collate_1               0x08000163   Thumb Code     0  libinit2.o(.ARM.Collect$$libinit$$00000011)
    __rt_lib_init_lc_ctype_1                 0x08000163   Thumb Code     0  libinit2.o(.ARM.Collect$$libinit$$00000013)
    __rt_lib_init_lc_monetary_1              0x08000163   Thumb Code     0  libinit2.o(.ARM.Collect$$libinit$$00000015)
    __rt_lib_init_lc_numeric_1               0x08000163   Thumb Code     0  libinit2.o(.ARM.Collect$$libinit$$00000017)
    __rt_lib_init_lc_time_1                  0x08000163   Thumb Code     0  libinit2.o(.ARM.Collect$$libinit$$00000019)
    __rt_lib_init_preinit_1                  0x08000163   Thumb Code     0  libinit2.o(.ARM.Collect$$libinit$$00000004)
    __rt_lib_init_rand_1                     0x08000163   Thumb Code     0  libinit2.o(.ARM.Collect$$libinit$$0000000E)
    __rt_lib_init_signal_1                   0x08000163   Thumb Code     0  libinit2.o(.ARM.Collect$$libinit$$0000001D)
    __rt_lib_init_stdio_1                    0x08000163   Thumb Code     0  libinit2.o(.ARM.Collect$$libinit$$00000025)
    __rt_lib_init_user_alloc_1               0x08000163   Thumb Code     0  libinit2.o(.ARM.Collect$$libinit$$0000000C)
    __rt_lib_init_cpp_1                      0x08000167   Thumb Code     0  libinit2.o(.ARM.Collect$$libinit$$00000032)
    __rt_lib_init_return                     0x08000167   Thumb Code     0  libinit2.o(.ARM.Collect$$libinit$$00000033)
    __rt_lib_shutdown                        0x08000169   Thumb Code     0  libshutdown.o(.ARM.Collect$$libshutdown$$00000000)
    __rt_lib_shutdown_cpp_1                  0x0800016b   Thumb Code     0  libshutdown2.o(.ARM.Collect$$libshutdown$$00000002)
    __rt_lib_shutdown_fp_trap_1              0x0800016b   Thumb Code     0  libshutdown2.o(.ARM.Collect$$libshutdown$$00000007)
    __rt_lib_shutdown_heap_1                 0x0800016b   Thumb Code     0  libshutdown2.o(.ARM.Collect$$libshutdown$$0000000F)
    __rt_lib_shutdown_return                 0x0800016b   Thumb Code     0  libshutdown2.o(.ARM.Collect$$libshutdown$$00000010)
    __rt_lib_shutdown_signal_1               0x0800016b   Thumb Code     0  libshutdown2.o(.ARM.Collect$$libshutdown$$0000000A)
    __rt_lib_shutdown_stdio_1                0x0800016b   Thumb Code     0  libshutdown2.o(.ARM.Collect$$libshutdown$$00000004)
    __rt_lib_shutdown_user_alloc_1           0x0800016b   Thumb Code     0  libshutdown2.o(.ARM.Collect$$libshutdown$$0000000C)
    __rt_entry                               0x0800016d   Thumb Code     0  __rtentry.o(.ARM.Collect$$rtentry$$00000000)
    __rt_entry_presh_1                       0x0800016d   Thumb Code     0  __rtentry2.o(.ARM.Collect$$rtentry$$00000002)
    __rt_entry_sh                            0x0800016d   Thumb Code     0  __rtentry4.o(.ARM.Collect$$rtentry$$00000004)
    __rt_entry_li                            0x08000173   Thumb Code     0  __rtentry2.o(.ARM.Collect$$rtentry$$0000000A)
    __rt_entry_postsh_1                      0x08000173   Thumb Code     0  __rtentry2.o(.ARM.Collect$$rtentry$$00000009)
    __rt_entry_main                          0x08000177   Thumb Code     0  __rtentry2.o(.ARM.Collect$$rtentry$$0000000D)
    __rt_entry_postli_1                      0x08000177   Thumb Code     0  __rtentry2.o(.ARM.Collect$$rtentry$$0000000C)
    __rt_exit                                0x0800017f   Thumb Code     0  rtexit.o(.ARM.Collect$$rtexit$$00000000)
    __rt_exit_ls                             0x08000181   Thumb Code     0  rtexit2.o(.ARM.Collect$$rtexit$$00000003)
    __rt_exit_prels_1                        0x08000181   Thumb Code     0  rtexit2.o(.ARM.Collect$$rtexit$$00000002)
    __rt_exit_exit                           0x08000185   Thumb Code     0  rtexit2.o(.ARM.Collect$$rtexit$$00000004)
    Reset_Handler                            0x0800018d   Thumb Code     8  startup_stm32f10x_md.o(.text)
    NMI_Handler                              0x08000195   Thumb Code     2  startup_stm32f10x_md.o(.text)
    HardFault_Handler                        0x08000197   Thumb Code     2  startup_stm32f10x_md.o(.text)
    MemManage_Handler                        0x08000199   Thumb Code     2  startup_stm32f10x_md.o(.text)
    BusFault_Handler                         0x0800019b   Thumb Code     2  startup_stm32f10x_md.o(.text)
    UsageFault_Handler                       0x0800019d   Thumb Code     2  startup_stm32f10x_md.o(.text)
    SVC_Handler                              0x0800019f   Thumb Code     2  startup_stm32f10x_md.o(.text)
    DebugMon_Handler                         0x080001a1   Thumb Code     2  startup_stm32f10x_md.o(.text)
    PendSV_Handler                           0x080001a3   Thumb Code     2  startup_stm32f10x_md.o(.text)
    ADC1_2_IRQHandler                        0x080001a7   Thumb Code     0  startup_stm32f10x_md.o(.text)
    CAN1_RX1_IRQHandler                      0x080001a7   Thumb Code     0  startup_stm32f10x_md.o(.text)
    CAN1_SCE_IRQHandler                      0x080001a7   Thumb Code     0  startup_stm32f10x_md.o(.text)
    DMA1_Channel1_IRQHandler                 0x080001a7   Thumb Code     0  startup_stm32f10x_md.o(.text)
    DMA1_Channel3_IRQHandler                 0x080001a7   Thumb Code     0  startup_stm32f10x_md.o(.text)
    DMA1_Channel5_IRQHandler                 0x080001a7   Thumb Code     0  startup_stm32f10x_md.o(.text)
    DMA1_Channel6_IRQHandler                 0x080001a7   Thumb Code     0  startup_stm32f10x_md.o(.text)
    EXTI0_IRQHandler                         0x080001a7   Thumb Code     0  startup_stm32f10x_md.o(.text)
    EXTI15_10_IRQHandler                     0x080001a7   Thumb Code     0  startup_stm32f10x_md.o(.text)
    EXTI1_IRQHandler                         0x080001a7   Thumb Code     0  startup_stm32f10x_md.o(.text)
    EXTI2_IRQHandler                         0x080001a7   Thumb Code     0  startup_stm32f10x_md.o(.text)
    EXTI3_IRQHandler                         0x080001a7   Thumb Code     0  startup_stm32f10x_md.o(.text)
    EXTI4_IRQHandler                         0x080001a7   Thumb Code     0  startup_stm32f10x_md.o(.text)
    EXTI9_5_IRQHandler                       0x080001a7   Thumb Code     0  startup_stm32f10x_md.o(.text)
    FLASH_IRQHandler                         0x080001a7   Thumb Code     0  startup_stm32f10x_md.o(.text)
    I2C1_ER_IRQHandler                       0x080001a7   Thumb Code     0  startup_stm32f10x_md.o(.text)
    I2C1_EV_IRQHandler                       0x080001a7   Thumb Code     0  startup_stm32f10x_md.o(.text)
    I2C2_ER_IRQHandler                       0x080001a7   Thumb Code     0  startup_stm32f10x_md.o(.text)
    I2C2_EV_IRQHandler                       0x080001a7   Thumb Code     0  startup_stm32f10x_md.o(.text)
    PVD_IRQHandler                           0x080001a7   Thumb Code     0  startup_stm32f10x_md.o(.text)
    RCC_IRQHandler                           0x080001a7   Thumb Code     0  startup_stm32f10x_md.o(.text)
    RTCAlarm_IRQHandler                      0x080001a7   Thumb Code     0  startup_stm32f10x_md.o(.text)
    RTC_IRQHandler                           0x080001a7   Thumb Code     0  startup_stm32f10x_md.o(.text)
    SPI1_IRQHandler                          0x080001a7   Thumb Code     0  startup_stm32f10x_md.o(.text)
    SPI2_IRQHandler                          0x080001a7   Thumb Code     0  startup_stm32f10x_md.o(.text)
    TAMPER_IRQHandler                        0x080001a7   Thumb Code     0  startup_stm32f10x_md.o(.text)
    TIM1_CC_IRQHandler                       0x080001a7   Thumb Code     0  startup_stm32f10x_md.o(.text)
    USBWakeUp_IRQHandler                     0x080001a7   Thumb Code     0  startup_stm32f10x_md.o(.text)
    USB_HP_CAN1_TX_IRQHandler                0x080001a7   Thumb Code     0  startup_stm32f10x_md.o(.text)
    USB_LP_CAN1_RX0_IRQHandler               0x080001a7   Thumb Code     0  startup_stm32f10x_md.o(.text)
    WWDG_IRQHandler                          0x080001a7   Thumb Code     0  startup_stm32f10x_md.o(.text)
    __user_initial_stackheap                 0x080001a9   Thumb Code     0  startup_stm32f10x_md.o(.text)
    __use_two_region_memory                  0x080001cd   Thumb Code     2  heapauxi.o(.text)
    __rt_heap_escrow$2region                 0x080001cf   Thumb Code     2  heapauxi.o(.text)
    __rt_heap_expand$2region                 0x080001d1   Thumb Code     2  heapauxi.o(.text)
    __cpp_initialize__aeabi_                 0x080001d5   Thumb Code    26  init_aeabi.o(.text)
    __user_setup_stackheap                   0x080001f9   Thumb Code    74  sys_stackheap_outer.o(.text)
    exit                                     0x08000243   Thumb Code    18  exit.o(.text)
    __user_libspace                          0x08000255   Thumb Code     8  libspace.o(.text)
    __user_perproc_libspace                  0x08000255   Thumb Code     0  libspace.o(.text)
    __user_perthread_libspace                0x08000255   Thumb Code     0  libspace.o(.text)
    __I$use$semihosting                      0x0800025d   Thumb Code     0  use_no_semi.o(.text)
    __use_no_semihosting_swi                 0x0800025d   Thumb Code     2  use_no_semi.o(.text)
    __semihosting_library_function           0x0800025f   Thumb Code     0  indicate_semi.o(.text)
    _sys_exit                                0x08000261   Thumb Code     8  sys_exit.o(.text)
    ADC_Cmd                                  0x0800026d   Thumb Code    22  stm32f10x_adc.o(i.ADC_Cmd)
    ADC_DMACmd                               0x08000283   Thumb Code    22  stm32f10x_adc.o(i.ADC_DMACmd)
    ADC_GetCalibrationStatus                 0x08000299   Thumb Code    20  stm32f10x_adc.o(i.ADC_GetCalibrationStatus)
    ADC_GetResetCalibrationStatus            0x080002ad   Thumb Code    20  stm32f10x_adc.o(i.ADC_GetResetCalibrationStatus)
    ADC_Init                                 0x080002c1   Thumb Code    70  stm32f10x_adc.o(i.ADC_Init)
    ADC_RegularChannelConfig                 0x08000311   Thumb Code   184  stm32f10x_adc.o(i.ADC_RegularChannelConfig)
    ADC_ResetCalibration                     0x080003c9   Thumb Code    10  stm32f10x_adc.o(i.ADC_ResetCalibration)
    ADC_SoftwareStartConvCmd                 0x080003d3   Thumb Code    22  stm32f10x_adc.o(i.ADC_SoftwareStartConvCmd)
    ADC_StartCalibration                     0x080003e9   Thumb Code    10  stm32f10x_adc.o(i.ADC_StartCalibration)
    DMA1_Channel2_IRQHandler                 0x080003f5   Thumb Code    18  interrupt.o(i.DMA1_Channel2_IRQHandler)
    DMA1_Channel4_IRQHandler                 0x0800040d   Thumb Code    18  interrupt.o(i.DMA1_Channel4_IRQHandler)
    DMA1_Channel7_IRQHandler                 0x08000425   Thumb Code    18  interrupt.o(i.DMA1_Channel7_IRQHandler)
    DMA_ClearFlag                            0x0800043d   Thumb Code    18  stm32f10x_dma.o(i.DMA_ClearFlag)
    DMA_ClearITPendingBit                    0x08000459   Thumb Code    18  stm32f10x_dma.o(i.DMA_ClearITPendingBit)
    DMA_Cmd                                  0x08000475   Thumb Code    24  stm32f10x_dma.o(i.DMA_Cmd)
    DMA_DeInit                               0x0800048d   Thumb Code   324  stm32f10x_dma.o(i.DMA_DeInit)
    DMA_GetFlagStatus                        0x080005d9   Thumb Code    36  stm32f10x_dma.o(i.DMA_GetFlagStatus)
    DMA_Init                                 0x08000605   Thumb Code    60  stm32f10x_dma.o(i.DMA_Init)
    GPIO_Init                                0x08000641   Thumb Code   278  stm32f10x_gpio.o(i.GPIO_Init)
    GPIO_ResetBits                           0x08000757   Thumb Code     4  stm32f10x_gpio.o(i.GPIO_ResetBits)
    GPIO_SetBits                             0x0800075b   Thumb Code     4  stm32f10x_gpio.o(i.GPIO_SetBits)
    RCC_ADCCLKConfig                         0x08000761   Thumb Code    18  stm32f10x_rcc.o(i.RCC_ADCCLKConfig)
    RCC_AHBPeriphClockCmd                    0x08000779   Thumb Code    26  stm32f10x_rcc.o(i.RCC_AHBPeriphClockCmd)
    RCC_APB1PeriphClockCmd                   0x08000799   Thumb Code    26  stm32f10x_rcc.o(i.RCC_APB1PeriphClockCmd)
    RCC_APB2PeriphClockCmd                   0x080007b9   Thumb Code    26  stm32f10x_rcc.o(i.RCC_APB2PeriphClockCmd)
    SysTick_Handler                          0x080008c1   Thumb Code    20  taskmanager.o(i.SysTick_Handler)
    SystemInit                               0x080008e1   Thumb Code    78  system_stm32f10x.o(i.SystemInit)
    TIM1_BRK_IRQHandler                      0x08000941   Thumb Code     2  interrupt.o(i.TIM1_BRK_IRQHandler)
    TIM1_TRG_COM_IRQHandler                  0x08000943   Thumb Code     2  interrupt.o(i.TIM1_TRG_COM_IRQHandler)
    TIM1_UP_IRQHandler                       0x08000945   Thumb Code    16  interrupt.o(i.TIM1_UP_IRQHandler)
    TIM2_IRQHandler                          0x08000959   Thumb Code    26  interrupt.o(i.TIM2_IRQHandler)
    TIM3_IRQHandler                          0x08000975   Thumb Code    26  interrupt.o(i.TIM3_IRQHandler)
    TIM4_IRQHandler                          0x08000995   Thumb Code    26  interrupt.o(i.TIM4_IRQHandler)
    TIM_ClearITPendingBit                    0x080009b5   Thumb Code     6  stm32f10x_tim.o(i.TIM_ClearITPendingBit)
    TIM_Cmd                                  0x080009bb   Thumb Code    24  stm32f10x_tim.o(i.TIM_Cmd)
    TIM_GetITStatus                          0x080009d3   Thumb Code    34  stm32f10x_tim.o(i.TIM_GetITStatus)
    TIM_OC1Init                              0x080009f5   Thumb Code   132  stm32f10x_tim.o(i.TIM_OC1Init)
    TIM_OC1PreloadConfig                     0x08000a8d   Thumb Code    18  stm32f10x_tim.o(i.TIM_OC1PreloadConfig)
    TIM_OC2Init                              0x08000aa1   Thumb Code   154  stm32f10x_tim.o(i.TIM_OC2Init)
    TIM_OC2PreloadConfig                     0x08000b45   Thumb Code    26  stm32f10x_tim.o(i.TIM_OC2PreloadConfig)
    TIM_OC3Init                              0x08000b61   Thumb Code   150  stm32f10x_tim.o(i.TIM_OC3Init)
    TIM_OC3PreloadConfig                     0x08000c01   Thumb Code    18  stm32f10x_tim.o(i.TIM_OC3PreloadConfig)
    TIM_OC4Init                              0x08000c15   Thumb Code   114  stm32f10x_tim.o(i.TIM_OC4Init)
    TIM_OC4PreloadConfig                     0x08000c91   Thumb Code    26  stm32f10x_tim.o(i.TIM_OC4PreloadConfig)
    TIM_TimeBaseInit                         0x08000cad   Thumb Code   122  stm32f10x_tim.o(i.TIM_TimeBaseInit)
    USART1_IRQHandler                        0x08000d51   Thumb Code    18  interrupt.o(i.USART1_IRQHandler)
    USART2_IRQHandler                        0x08000d69   Thumb Code    18  interrupt.o(i.USART2_IRQHandler)
    USART3_IRQHandler                        0x08000d81   Thumb Code    18  interrupt.o(i.USART3_IRQHandler)
    USART_ClearITPendingBit                  0x08000d99   Thumb Code    30  stm32f10x_usart.o(i.USART_ClearITPendingBit)
    USART_GetITStatus                        0x08000db7   Thumb Code    84  stm32f10x_usart.o(i.USART_GetITStatus)
    USART_ITConfig                           0x08000e0b   Thumb Code    74  stm32f10x_usart.o(i.USART_ITConfig)
    USART_ReceiveData                        0x08000e55   Thumb Code    10  stm32f10x_usart.o(i.USART_ReceiveData)
    USART_SendData                           0x08000e5f   Thumb Code     8  stm32f10x_usart.o(i.USART_SendData)
    TaskManager::Time()                      0x08000e69   Thumb Code   110  taskmanager.o(i._ZN11TaskManager4TimeEv)
    TaskManager::DelayMs(unsigned short)     0x08000ef9   Thumb Code    64  taskmanager.o(i._ZN11TaskManager7DelayMsEt)
    TaskManager::TaskManager()               0x08000f3d   Thumb Code    32  taskmanager.o(i._ZN11TaskManagerC1Ev)
    TaskManager::TaskManager__sub_object()   0x08000f3d   Thumb Code     0  taskmanager.o(i._ZN11TaskManagerC1Ev)
    ADC::InitAdcDma(unsigned char*)          0x08000f61   Thumb Code   266  f103_adc_s.o(i._ZN3ADC10InitAdcDmaEPh)
    ADC::ChannelToGpio(unsigned char, unsigned char, unsigned char, unsigned char, unsigned char, unsigned char, unsigned char, unsigned char, unsigned char, unsigned char) 0x08001075   Thumb Code   286  f103_adc_s.o(i._ZN3ADC13ChannelToGpioEhhhhhhhhhh)
    ADC::ADC(unsigned char, unsigned char, unsigned char, unsigned char, unsigned char, unsigned char, unsigned char, unsigned char, unsigned char, unsigned char) 0x080011a5   Thumb Code    84  main.o(i._ZN3ADCC1Ehhhhhhhhhh)
    ADC::ADC__sub_object(unsigned char, unsigned char, unsigned char, unsigned char, unsigned char, unsigned char, unsigned char, unsigned char, unsigned char, unsigned char) 0x080011a5   Thumb Code     0  main.o(i._ZN3ADCC1Ehhhhhhhhhh)
    PWM::Calcute(unsigned short)             0x080011f9   Thumb Code    76  f103_pwm.o(i._ZN3PWM7CalcuteEt)
    PWM::PWMInit(TIM_TypeDef*, bool, bool, bool, bool, unsigned short, bool) 0x08001249   Thumb Code   420  f103_pwm.o(i._ZN3PWM7PWMInitEP11TIM_TypeDefbbbbtb)
    PWM::SetDuty(unsigned char, float, bool) 0x080013fd   Thumb Code   110  f103_pwm.o(i._ZN3PWM7SetDutyEhfb)
    PWM::Calcute2(unsigned, unsigned, unsigned, bool) 0x08001471   Thumb Code   112  f103_pwm.o(i._ZN3PWM8Calcute2Ejjjb)
    GPIO::RCC_Configuration()                0x080014e1   Thumb Code   130  gpio.o(i._ZN4GPIO17RCC_ConfigurationEv)
    GPIO::SetLevel(unsigned char)            0x08001581   Thumb Code    42  gpio.o(i._ZN4GPIO8SetLevelEh)
    GPIO::GPIO(GPIO_TypeDef*, unsigned short, GPIOMode_TypeDef, GPIOSpeed_TypeDef) 0x080015b1   Thumb Code    64  gpio.o(i._ZN4GPIOC1EP12GPIO_TypeDeft16GPIOMode_TypeDef17GPIOSpeed_TypeDef)
    GPIO::GPIO__sub_object(GPIO_TypeDef*, unsigned short, GPIOMode_TypeDef, GPIOSpeed_TypeDef) 0x080015b1   Thumb Code     0  gpio.o(i._ZN4GPIOC1EP12GPIO_TypeDeft16GPIOMode_TypeDef17GPIOSpeed_TypeDef)
    USART::Irq()                             0x080015f5   Thumb Code   208  usart.o(i._ZN5USART3IrqEv)
    USART::DmaIrq()                          0x080016cd   Thumb Code   136  usart.o(i._ZN5USART6DmaIrqEv)
    Voltage::Voltage(unsigned short*, unsigned char) 0x08001755   Thumb Code    32  voltage.o(i._ZN7VoltageC1EPth)
    Voltage::Voltage__sub_object(unsigned short*, unsigned char) 0x08001755   Thumb Code     0  voltage.o(i._ZN7VoltageC1EPth)
    StepMotor::MotorConfig()                 0x08001775   Thumb Code   126  stepmotor.o(i._ZN9StepMotor11MotorConfigEv)
    StepMotor::StepMotor(GPIO&, GPIO&, GPIO&, GPIO&) 0x080017fd   Thumb Code    48  stepmotor.o(i._ZN9StepMotorC1ER4GPIOS1_S1_S1_)
    StepMotor::StepMotor__sub_object(GPIO&, GPIO&, GPIO&, GPIO&) 0x080017fd   Thumb Code     0  stepmotor.o(i._ZN9StepMotorC1ER4GPIOS1_S1_S1_)
    main                                     0x08001921   Thumb Code    28  main.o(i.main)
    FIFOBuffer<unsigned char, (unsigned short)256>::Get(unsigned char&) 0x08001945   Thumb Code    52  usart.o(t._ZN10FIFOBufferIhLt256EE3GetERh)
    FIFOBuffer<unsigned char, (unsigned short)256>::Put(const unsigned char&) 0x08001979   Thumb Code    68  usart.o(t._ZN10FIFOBufferIhLt256EE3PutERKh)
    FIFOBuffer<unsigned char, (unsigned short)256>::Gets(unsigned char*, unsigned short) 0x080019bd   Thumb Code    68  usart.o(t._ZN10FIFOBufferIhLt256EE4GetsEPht)
    FIFOBuffer<unsigned char, (unsigned short)256>::Size() 0x08001a01   Thumb Code    28  usart.o(t._ZN10FIFOBufferIhLt256EE4SizeEv)
    __aeabi_dadd                             0x08001a1d   Thumb Code     0  daddsub_clz.o(x$fpl$dadd)
    _dadd                                    0x08001a1d   Thumb Code   332  daddsub_clz.o(x$fpl$dadd)
    __fpl_dcmp_Inf                           0x08001b6d   Thumb Code    24  dcmpi.o(x$fpl$dcmpinf)
    __aeabi_ddiv                             0x08001b85   Thumb Code     0  ddiv.o(x$fpl$ddiv)
    _ddiv                                    0x08001b85   Thumb Code   552  ddiv.o(x$fpl$ddiv)
    __aeabi_ui2d                             0x08001e35   Thumb Code     0  dflt_clz.o(x$fpl$dfltu)
    _dfltu                                   0x08001e35   Thumb Code    38  dflt_clz.o(x$fpl$dfltu)
    __aeabi_cdcmple                          0x08001e5d   Thumb Code     0  dleqf.o(x$fpl$dleqf)
    _dcmple                                  0x08001e5d   Thumb Code   120  dleqf.o(x$fpl$dleqf)
    __fpl_dcmple_InfNaN                      0x08001ebf   Thumb Code     0  dleqf.o(x$fpl$dleqf)
    __fpl_dnaninf                            0x08001ed5   Thumb Code   156  dnaninf.o(x$fpl$dnaninf)
    __fpl_dretinf                            0x08001f71   Thumb Code    12  dretinf.o(x$fpl$dretinf)
    __aeabi_cdrcmple                         0x08001f7d   Thumb Code     0  drleqf.o(x$fpl$drleqf)
    _drcmple                                 0x08001f7d   Thumb Code   108  drleqf.o(x$fpl$drleqf)
    __aeabi_dsub                             0x08001fe9   Thumb Code     0  daddsub_clz.o(x$fpl$dsub)
    _dsub                                    0x08001fe9   Thumb Code   464  daddsub_clz.o(x$fpl$dsub)
    __aeabi_fadd                             0x080021bd   Thumb Code     0  faddsub_clz.o(x$fpl$fadd)
    _fadd                                    0x080021bd   Thumb Code   196  faddsub_clz.o(x$fpl$fadd)
    __aeabi_fdiv                             0x08002281   Thumb Code     0  fdiv.o(x$fpl$fdiv)
    _fdiv                                    0x08002281   Thumb Code   384  fdiv.o(x$fpl$fdiv)
    __aeabi_f2uiz                            0x08002405   Thumb Code     0  ffixu.o(x$fpl$ffixu)
    _ffixu                                   0x08002405   Thumb Code    62  ffixu.o(x$fpl$ffixu)
    __aeabi_ui2f                             0x08002445   Thumb Code     0  fflt_clz.o(x$fpl$ffltu)
    _ffltu                                   0x08002445   Thumb Code    38  fflt_clz.o(x$fpl$ffltu)
    __aeabi_fmul                             0x0800246d   Thumb Code     0  fmul.o(x$fpl$fmul)
    _fmul                                    0x0800246d   Thumb Code   258  fmul.o(x$fpl$fmul)
    __fpl_fnaninf                            0x0800256f   Thumb Code   140  fnaninf.o(x$fpl$fnaninf)
    __fpl_fretinf                            0x080025fb   Thumb Code    10  fretinf.o(x$fpl$fretinf)
    __aeabi_fsub                             0x08002605   Thumb Code     0  faddsub_clz.o(x$fpl$fsub)
    _fsub                                    0x08002605   Thumb Code   234  faddsub_clz.o(x$fpl$fsub)
    GPIO::mPin                               0x080026ee   Data          32  gpio.o(.constdata)
    __I$use$fp                               0x080026ee   Number         0  usenofp.o(x$fpl$usenofp)
    StepMotor::mCode                         0x0800270e   Data           8  stepmotor.o(.constdata)
    Region$$Table$$Base                      0x08002718   Number         0  anon$$obj.o(Region$$Table)
    Region$$Table$$Limit                     0x08002738   Number         0  anon$$obj.o(Region$$Table)
    SHT$$INIT_ARRAY$$Base                    0x08002738   Number         0  taskmanager.o(.init_array)
    SHT$$INIT_ARRAY$$Limit                   0x08002740   Number         0  init_aeabi.o(.init_array)
    tskmgr                                   0x20000030   Data           1  taskmanager.o(.data)
    TaskManager::_new_time                   0x20000038   Data           8  taskmanager.o(.data)
    TaskManager::_old_time                   0x20000040   Data           8  taskmanager.o(.data)
    TaskManager::_it_time                    0x20000048   Data           8  taskmanager.o(.data)
    pUSART1                                  0x20000054   Data           4  interrupt.o(.data)
    pUSART2                                  0x20000058   Data           4  interrupt.o(.data)
    pUSART3                                  0x2000005c   Data           4  interrupt.o(.data)
    light                                    0x20000060   Data          40  main.o(.bss)
    adc                                      0x20000088   Data         112  main.o(.bss)
    lightSensor                              0x200000f8   Data          48  main.o(.bss)
    motor_gpioa                              0x20000128   Data          12  main.o(.bss)
    motor_gpiob                              0x20000134   Data          12  main.o(.bss)
    motor_gpioc                              0x20000140   Data          12  main.o(.bss)
    motor_gpiod                              0x2000014c   Data          12  main.o(.bss)
    stepMotor                                0x20000158   Data          48  main.o(.bss)
    __libspace_start                         0x20000188   Data          96  libspace.o(.bss)
    __temporary_stack_top$libspace           0x200001e8   Data           0  libspace.o(.bss)



==============================================================================

Memory Map of the image

  Image Entry point : 0x080000ed

  Load Region LR_IROM1 (Base: 0x08000000, Size: 0x000027a0, Max: 0x00010000, ABSOLUTE)

    Execution Region ER_IROM1 (Base: 0x08000000, Size: 0x00002740, Max: 0x00010000, ABSOLUTE)

    Base Addr    Size         Type   Attr      Idx    E Section Name        Object

    0x08000000   0x000000ec   Data   RO         2460    RESET               startup_stm32f10x_md.o
    0x080000ec   0x00000008   Code   RO         2519  * !!!main             c_w.l(__main.o)
    0x080000f4   0x00000034   Code   RO         2743    !!!scatter          c_w.l(__scatter.o)
    0x08000128   0x0000001a   Code   RO         2745    !!handler_copy      c_w.l(__scatter_copy.o)
    0x08000142   0x00000002   PAD
    0x08000144   0x0000001c   Code   RO         2747    !!handler_zi        c_w.l(__scatter_zi.o)
    0x08000160   0x00000002   Code   RO         2666    .ARM.Collect$$libinit$$00000000  c_w.l(libinit.o)
    0x08000162   0x00000000   Code   RO         2579    .ARM.Collect$$libinit$$00000002  c_w.l(libinit2.o)
    0x08000162   0x00000000   Code   RO         2581    .ARM.Collect$$libinit$$00000004  c_w.l(libinit2.o)
    0x08000162   0x00000000   Code   RO         2584    .ARM.Collect$$libinit$$0000000A  c_w.l(libinit2.o)
    0x08000162   0x00000000   Code   RO         2586    .ARM.Collect$$libinit$$0000000C  c_w.l(libinit2.o)
    0x08000162   0x00000000   Code   RO         2588    .ARM.Collect$$libinit$$0000000E  c_w.l(libinit2.o)
    0x08000162   0x00000000   Code   RO         2591    .ARM.Collect$$libinit$$00000011  c_w.l(libinit2.o)
    0x08000162   0x00000000   Code   RO         2593    .ARM.Collect$$libinit$$00000013  c_w.l(libinit2.o)
    0x08000162   0x00000000   Code   RO         2595    .ARM.Collect$$libinit$$00000015  c_w.l(libinit2.o)
    0x08000162   0x00000000   Code   RO         2597    .ARM.Collect$$libinit$$00000017  c_w.l(libinit2.o)
    0x08000162   0x00000000   Code   RO         2599    .ARM.Collect$$libinit$$00000019  c_w.l(libinit2.o)
    0x08000162   0x00000000   Code   RO         2601    .ARM.Collect$$libinit$$0000001B  c_w.l(libinit2.o)
    0x08000162   0x00000000   Code   RO         2603    .ARM.Collect$$libinit$$0000001D  c_w.l(libinit2.o)
    0x08000162   0x00000000   Code   RO         2605    .ARM.Collect$$libinit$$0000001F  c_w.l(libinit2.o)
    0x08000162   0x00000000   Code   RO         2607    .ARM.Collect$$libinit$$00000021  c_w.l(libinit2.o)
    0x08000162   0x00000000   Code   RO         2609    .ARM.Collect$$libinit$$00000023  c_w.l(libinit2.o)
    0x08000162   0x00000000   Code   RO         2611    .ARM.Collect$$libinit$$00000025  c_w.l(libinit2.o)
    0x08000162   0x00000000   Code   RO         2615    .ARM.Collect$$libinit$$0000002C  c_w.l(libinit2.o)
    0x08000162   0x00000000   Code   RO         2617    .ARM.Collect$$libinit$$0000002E  c_w.l(libinit2.o)
    0x08000162   0x00000000   Code   RO         2619    .ARM.Collect$$libinit$$00000030  c_w.l(libinit2.o)
    0x08000162   0x00000004   Code   RO         2620    .ARM.Collect$$libinit$$00000031  c_w.l(libinit2.o)
    0x08000166   0x00000000   Code   RO         2621    .ARM.Collect$$libinit$$00000032  c_w.l(libinit2.o)
    0x08000166   0x00000002   Code   RO         2622    .ARM.Collect$$libinit$$00000033  c_w.l(libinit2.o)
    0x08000168   0x00000002   Code   RO         2704    .ARM.Collect$$libshutdown$$00000000  c_w.l(libshutdown.o)
    0x0800016a   0x00000000   Code   RO         2710    .ARM.Collect$$libshutdown$$00000002  c_w.l(libshutdown2.o)
    0x0800016a   0x00000000   Code   RO         2712    .ARM.Collect$$libshutdown$$00000004  c_w.l(libshutdown2.o)
    0x0800016a   0x00000000   Code   RO         2715    .ARM.Collect$$libshutdown$$00000007  c_w.l(libshutdown2.o)
    0x0800016a   0x00000000   Code   RO         2718    .ARM.Collect$$libshutdown$$0000000A  c_w.l(libshutdown2.o)
    0x0800016a   0x00000000   Code   RO         2720    .ARM.Collect$$libshutdown$$0000000C  c_w.l(libshutdown2.o)
    0x0800016a   0x00000000   Code   RO         2723    .ARM.Collect$$libshutdown$$0000000F  c_w.l(libshutdown2.o)
    0x0800016a   0x00000002   Code   RO         2724    .ARM.Collect$$libshutdown$$00000010  c_w.l(libshutdown2.o)
    0x0800016c   0x00000000   Code   RO         2577    .ARM.Collect$$rtentry$$00000000  c_w.l(__rtentry.o)
    0x0800016c   0x00000000   Code   RO         2635    .ARM.Collect$$rtentry$$00000002  c_w.l(__rtentry2.o)
    0x0800016c   0x00000006   Code   RO         2647    .ARM.Collect$$rtentry$$00000004  c_w.l(__rtentry4.o)
    0x08000172   0x00000000   Code   RO         2637    .ARM.Collect$$rtentry$$00000009  c_w.l(__rtentry2.o)
    0x08000172   0x00000004   Code   RO         2638    .ARM.Collect$$rtentry$$0000000A  c_w.l(__rtentry2.o)
    0x08000176   0x00000000   Code   RO         2640    .ARM.Collect$$rtentry$$0000000C  c_w.l(__rtentry2.o)
    0x08000176   0x00000008   Code   RO         2641    .ARM.Collect$$rtentry$$0000000D  c_w.l(__rtentry2.o)
    0x0800017e   0x00000002   Code   RO         2672    .ARM.Collect$$rtexit$$00000000  c_w.l(rtexit.o)
    0x08000180   0x00000000   Code   RO         2684    .ARM.Collect$$rtexit$$00000002  c_w.l(rtexit2.o)
    0x08000180   0x00000004   Code   RO         2685    .ARM.Collect$$rtexit$$00000003  c_w.l(rtexit2.o)
    0x08000184   0x00000006   Code   RO         2686    .ARM.Collect$$rtexit$$00000004  c_w.l(rtexit2.o)
    0x0800018a   0x00000002   PAD
    0x0800018c   0x00000040   Code   RO         2461    .text               startup_stm32f10x_md.o
    0x080001cc   0x00000006   Code   RO         2517    .text               c_w.l(heapauxi.o)
    0x080001d2   0x00000002   PAD
    0x080001d4   0x00000024   Code   RO         2524    .text               c_w.l(init_aeabi.o)
    0x080001f8   0x0000004a   Code   RO         2653    .text               c_w.l(sys_stackheap_outer.o)
    0x08000242   0x00000012   Code   RO         2655    .text               c_w.l(exit.o)
    0x08000254   0x00000008   Code   RO         2669    .text               c_w.l(libspace.o)
    0x0800025c   0x00000002   Code   RO         2680    .text               c_w.l(use_no_semi.o)
    0x0800025e   0x00000000   Code   RO         2682    .text               c_w.l(indicate_semi.o)
    0x0800025e   0x00000002   PAD
    0x08000260   0x0000000c   Code   RO         2696    .text               c_w.l(sys_exit.o)
    0x0800026c   0x00000016   Code   RO         1005    i.ADC_Cmd           stm32f10x_adc.o
    0x08000282   0x00000016   Code   RO         1006    i.ADC_DMACmd        stm32f10x_adc.o
    0x08000298   0x00000014   Code   RO         1013    i.ADC_GetCalibrationStatus  stm32f10x_adc.o
    0x080002ac   0x00000014   Code   RO         1019    i.ADC_GetResetCalibrationStatus  stm32f10x_adc.o
    0x080002c0   0x00000050   Code   RO         1023    i.ADC_Init          stm32f10x_adc.o
    0x08000310   0x000000b8   Code   RO         1027    i.ADC_RegularChannelConfig  stm32f10x_adc.o
    0x080003c8   0x0000000a   Code   RO         1028    i.ADC_ResetCalibration  stm32f10x_adc.o
    0x080003d2   0x00000016   Code   RO         1030    i.ADC_SoftwareStartConvCmd  stm32f10x_adc.o
    0x080003e8   0x0000000a   Code   RO         1032    i.ADC_StartCalibration  stm32f10x_adc.o
    0x080003f2   0x00000002   PAD
    0x080003f4   0x00000018   Code   RO          731    i.DMA1_Channel2_IRQHandler  interrupt.o
    0x0800040c   0x00000018   Code   RO          732    i.DMA1_Channel4_IRQHandler  interrupt.o
    0x08000424   0x00000018   Code   RO          733    i.DMA1_Channel7_IRQHandler  interrupt.o
    0x0800043c   0x0000001c   Code   RO         1287    i.DMA_ClearFlag     stm32f10x_dma.o
    0x08000458   0x0000001c   Code   RO         1288    i.DMA_ClearITPendingBit  stm32f10x_dma.o
    0x08000474   0x00000018   Code   RO         1289    i.DMA_Cmd           stm32f10x_dma.o
    0x0800048c   0x0000014c   Code   RO         1290    i.DMA_DeInit        stm32f10x_dma.o
    0x080005d8   0x0000002c   Code   RO         1292    i.DMA_GetFlagStatus  stm32f10x_dma.o
    0x08000604   0x0000003c   Code   RO         1295    i.DMA_Init          stm32f10x_dma.o
    0x08000640   0x00000116   Code   RO         1377    i.GPIO_Init         stm32f10x_gpio.o
    0x08000756   0x00000004   Code   RO         1384    i.GPIO_ResetBits    stm32f10x_gpio.o
    0x0800075a   0x00000004   Code   RO         1385    i.GPIO_SetBits      stm32f10x_gpio.o
    0x0800075e   0x00000002   PAD
    0x08000760   0x00000018   Code   RO         1497    i.RCC_ADCCLKConfig  stm32f10x_rcc.o
    0x08000778   0x00000020   Code   RO         1498    i.RCC_AHBPeriphClockCmd  stm32f10x_rcc.o
    0x08000798   0x00000020   Code   RO         1499    i.RCC_APB1PeriphClockCmd  stm32f10x_rcc.o
    0x080007b8   0x00000020   Code   RO         1501    i.RCC_APB2PeriphClockCmd  stm32f10x_rcc.o
    0x080007d8   0x00000008   Code   RO         2468    i.SetSysClock       system_stm32f10x.o
    0x080007e0   0x000000e0   Code   RO         2469    i.SetSysClockTo72   system_stm32f10x.o
    0x080008c0   0x00000020   Code   RO          341    i.SysTick_Handler   taskmanager.o
    0x080008e0   0x00000060   Code   RO         2471    i.SystemInit        system_stm32f10x.o
    0x08000940   0x00000002   Code   RO          734    i.TIM1_BRK_IRQHandler  interrupt.o
    0x08000942   0x00000002   Code   RO          735    i.TIM1_TRG_COM_IRQHandler  interrupt.o
    0x08000944   0x00000014   Code   RO          736    i.TIM1_UP_IRQHandler  interrupt.o
    0x08000958   0x0000001a   Code   RO          737    i.TIM2_IRQHandler   interrupt.o
    0x08000972   0x00000002   PAD
    0x08000974   0x00000020   Code   RO          738    i.TIM3_IRQHandler   interrupt.o
    0x08000994   0x00000020   Code   RO          739    i.TIM4_IRQHandler   interrupt.o
    0x080009b4   0x00000006   Code   RO         1720    i.TIM_ClearITPendingBit  stm32f10x_tim.o
    0x080009ba   0x00000018   Code   RO         1725    i.TIM_Cmd           stm32f10x_tim.o
    0x080009d2   0x00000022   Code   RO         1746    i.TIM_GetITStatus   stm32f10x_tim.o
    0x080009f4   0x00000098   Code   RO         1754    i.TIM_OC1Init       stm32f10x_tim.o
    0x08000a8c   0x00000012   Code   RO         1757    i.TIM_OC1PreloadConfig  stm32f10x_tim.o
    0x08000a9e   0x00000002   PAD
    0x08000aa0   0x000000a4   Code   RO         1759    i.TIM_OC2Init       stm32f10x_tim.o
    0x08000b44   0x0000001a   Code   RO         1762    i.TIM_OC2PreloadConfig  stm32f10x_tim.o
    0x08000b5e   0x00000002   PAD
    0x08000b60   0x000000a0   Code   RO         1764    i.TIM_OC3Init       stm32f10x_tim.o
    0x08000c00   0x00000012   Code   RO         1767    i.TIM_OC3PreloadConfig  stm32f10x_tim.o
    0x08000c12   0x00000002   PAD
    0x08000c14   0x0000007c   Code   RO         1769    i.TIM_OC4Init       stm32f10x_tim.o
    0x08000c90   0x0000001a   Code   RO         1771    i.TIM_OC4PreloadConfig  stm32f10x_tim.o
    0x08000caa   0x00000002   PAD
    0x08000cac   0x000000a4   Code   RO         1796    i.TIM_TimeBaseInit  stm32f10x_tim.o
    0x08000d50   0x00000018   Code   RO          740    i.USART1_IRQHandler  interrupt.o
    0x08000d68   0x00000018   Code   RO          741    i.USART2_IRQHandler  interrupt.o
    0x08000d80   0x00000018   Code   RO          742    i.USART3_IRQHandler  interrupt.o
    0x08000d98   0x0000001e   Code   RO         2270    i.USART_ClearITPendingBit  stm32f10x_usart.o
    0x08000db6   0x00000054   Code   RO         2277    i.USART_GetITStatus  stm32f10x_usart.o
    0x08000e0a   0x0000004a   Code   RO         2279    i.USART_ITConfig    stm32f10x_usart.o
    0x08000e54   0x0000000a   Code   RO         2287    i.USART_ReceiveData  stm32f10x_usart.o
    0x08000e5e   0x00000008   Code   RO         2290    i.USART_SendData    stm32f10x_usart.o
    0x08000e66   0x00000002   PAD
    0x08000e68   0x00000090   Code   RO          342    i._ZN11TaskManager4TimeEv  taskmanager.o
    0x08000ef8   0x00000044   Code   RO          344    i._ZN11TaskManager7DelayMsEt  taskmanager.o
    0x08000f3c   0x00000024   Code   RO          346    i._ZN11TaskManagerC1Ev  taskmanager.o
    0x08000f60   0x00000114   Code   RO            4    i._ZN3ADC10InitAdcDmaEPh  f103_adc_s.o
    0x08001074   0x00000130   Code   RO            5    i._ZN3ADC13ChannelToGpioEhhhhhhhhhh  f103_adc_s.o
    0x080011a4   0x00000054   Code   RO          868    i._ZN3ADCC1Ehhhhhhhhhh  main.o
    0x080011f8   0x00000050   Code   RO           96    i._ZN3PWM7CalcuteEt  f103_pwm.o
    0x08001248   0x000001b4   Code   RO           97    i._ZN3PWM7PWMInitEP11TIM_TypeDefbbbbtb  f103_pwm.o
    0x080013fc   0x00000074   Code   RO           99    i._ZN3PWM7SetDutyEhfb  f103_pwm.o
    0x08001470   0x00000070   Code   RO          100    i._ZN3PWM8Calcute2Ejjjb  f103_pwm.o
    0x080014e0   0x000000a0   Code   RO          153    i._ZN4GPIO17RCC_ConfigurationEv  gpio.o
    0x08001580   0x00000030   Code   RO          156    i._ZN4GPIO8SetLevelEh  gpio.o
    0x080015b0   0x00000044   Code   RO          157    i._ZN4GPIOC1EP12GPIO_TypeDeft16GPIOMode_TypeDef17GPIOSpeed_TypeDef  gpio.o
    0x080015f4   0x000000d8   Code   RO          535    i._ZN5USART3IrqEv   usart.o
    0x080016cc   0x00000088   Code   RO          536    i._ZN5USART6DmaIrqEv  usart.o
    0x08001754   0x00000020   Code   RO          494    i._ZN7VoltageC1EPth  voltage.o
    0x08001774   0x00000088   Code   RO          281    i._ZN9StepMotor11MotorConfigEv  stepmotor.o
    0x080017fc   0x00000030   Code   RO          286    i._ZN9StepMotorC1ER4GPIOS1_S1_S1_  stepmotor.o
    0x0800182c   0x00000010   Code   RO          347    i.__sti___15_TaskManager_cpp_tskmgr  taskmanager.o
    0x0800183c   0x000000e4   Code   RO          842    i.__sti___8_main_cpp_light  main.o
    0x08001920   0x00000024   Code   RO          843    i.main              main.o
    0x08001944   0x00000034   Code   RO          684    t._ZN10FIFOBufferIhLt256EE3GetERh  usart.o
    0x08001978   0x00000044   Code   RO          678    t._ZN10FIFOBufferIhLt256EE3PutERKh  usart.o
    0x080019bc   0x00000044   Code   RO          702    t._ZN10FIFOBufferIhLt256EE4GetsEPht  usart.o
    0x08001a00   0x0000001c   Code   RO          696    t._ZN10FIFOBufferIhLt256EE4SizeEv  usart.o
    0x08001a1c   0x00000150   Code   RO         2529    x$fpl$dadd          fz_ws.l(daddsub_clz.o)
    0x08001b6c   0x00000018   Code   RO         2623    x$fpl$dcmpinf       fz_ws.l(dcmpi.o)
    0x08001b84   0x000002b0   Code   RO         2536    x$fpl$ddiv          fz_ws.l(ddiv.o)
    0x08001e34   0x00000026   Code   RO         2543    x$fpl$dfltu         fz_ws.l(dflt_clz.o)
    0x08001e5a   0x00000002   PAD
    0x08001e5c   0x00000078   Code   RO         2549    x$fpl$dleqf         fz_ws.l(dleqf.o)
    0x08001ed4   0x0000009c   Code   RO         2625    x$fpl$dnaninf       fz_ws.l(dnaninf.o)
    0x08001f70   0x0000000c   Code   RO         2627    x$fpl$dretinf       fz_ws.l(dretinf.o)
    0x08001f7c   0x0000006c   Code   RO         2553    x$fpl$drleqf        fz_ws.l(drleqf.o)
    0x08001fe8   0x000001d4   Code   RO         2531    x$fpl$dsub          fz_ws.l(daddsub_clz.o)
    0x080021bc   0x000000c4   Code   RO         2555    x$fpl$fadd          fz_ws.l(faddsub_clz.o)
    0x08002280   0x00000184   Code   RO         2562    x$fpl$fdiv          fz_ws.l(fdiv.o)
    0x08002404   0x0000003e   Code   RO         2565    x$fpl$ffixu         fz_ws.l(ffixu.o)
    0x08002442   0x00000002   PAD
    0x08002444   0x00000026   Code   RO         2569    x$fpl$ffltu         fz_ws.l(fflt_clz.o)
    0x0800246a   0x00000002   PAD
    0x0800246c   0x00000102   Code   RO         2575    x$fpl$fmul          fz_ws.l(fmul.o)
    0x0800256e   0x0000008c   Code   RO         2629    x$fpl$fnaninf       fz_ws.l(fnaninf.o)
    0x080025fa   0x0000000a   Code   RO         2631    x$fpl$fretinf       fz_ws.l(fretinf.o)
    0x08002604   0x000000ea   Code   RO         2557    x$fpl$fsub          fz_ws.l(faddsub_clz.o)
    0x080026ee   0x00000000   Code   RO         2633    x$fpl$usenofp       fz_ws.l(usenofp.o)
    0x080026ee   0x00000020   Data   RO          164    .constdata          gpio.o
    0x0800270e   0x00000008   Data   RO          293    .constdata          stepmotor.o
    0x08002716   0x00000002   PAD
    0x08002718   0x00000020   Data   RO         2741    Region$$Table       anon$$obj.o
    0x08002738   0x00000004   Data   RO          356    .init_array         taskmanager.o
    0x0800273c   0x00000004   Data   RO          847    .init_array         main.o
    0x08002740   0x00000000   Data   RO         2522    .init_array         c_w.l(init_aeabi.o)


    Execution Region RW_IRAM1 (Base: 0x20000000, Size: 0x000007e8, Max: 0x00005000, ABSOLUTE)

    Base Addr    Size         Type   Attr      Idx    E Section Name        Object

    0x20000000   0x0000002c   Data   RW            8    .data               f103_adc_s.o
    0x2000002c   0x00000001   Data   RW          294    .data               stepmotor.o
    0x2000002d   0x00000003   PAD
    0x20000030   0x00000020   Data   RW          355    .data               taskmanager.o
    0x20000050   0x00000003   Data   RW          570    .data               usart.o
    0x20000053   0x00000001   PAD
    0x20000054   0x0000000c   Data   RW          755    .data               interrupt.o
    0x20000060   0x00000128   Zero   RW          846    .bss                main.o
    0x20000188   0x00000060   Zero   RW         2670    .bss                c_w.l(libspace.o)
    0x200001e8   0x00000200   Zero   RW         2459    HEAP                startup_stm32f10x_md.o
    0x200003e8   0x00000400   Zero   RW         2458    STACK               startup_stm32f10x_md.o


==============================================================================

Image component sizes


      Code (inc. data)   RO Data    RW Data    ZI Data      Debug   Object Name

       580         28          0         44          0     258648   f103_adc_s.o
       744         26          0          0          0       4620   f103_pwm.o
       276         40         32          0          0       3184   gpio.o
       258         52          0         12          0       6246   interrupt.o
       348         46          4          0        296       4673   main.o
         0          0          0          0          0     260780   misc.o
        64         26        236          0       1536        828   startup_stm32f10x_md.o
       184         10          8          1          0       2388   stepmotor.o
       390         10          0          0          0       8017   stm32f10x_adc.o
       516         36          0          0          0       5518   stm32f10x_dma.o
       286          0          0          0          0       3312   stm32f10x_gpio.o
       120         24          0          0          0       2473   stm32f10x_rcc.o
       916         92          0          0          0       8975   stm32f10x_tim.o
       206          0          0          0          0       5144   stm32f10x_usart.o
       328         28          0          0          0       2029   system_stm32f10x.o
       296         60          4         32          0       2899   taskmanager.o
       568          8          0          3          0       7220   usart.o
        32          0          0          0          0       1420   voltage.o

    ----------------------------------------------------------------------
      6128        486        318         96       1832     588374   Object Totals
         0          0         32          0          0          0   (incl. Generated)
        16          0          2          4          0          0   (incl. Padding)

    ----------------------------------------------------------------------

      Code (inc. data)   RO Data    RW Data    ZI Data      Debug   Library Member Name

         8          0          0          0          0         68   __main.o
         0          0          0          0          0          0   __rtentry.o
        12          0          0          0          0          0   __rtentry2.o
         6          0          0          0          0          0   __rtentry4.o
        52          8          0          0          0          0   __scatter.o
        26          0          0          0          0          0   __scatter_copy.o
        28          0          0          0          0          0   __scatter_zi.o
        18          0          0          0          0         80   exit.o
         6          0          0          0          0        152   heapauxi.o
         0          0          0          0          0          0   indicate_semi.o
        36         10          0          0          0         80   init_aeabi.o
         2          0          0          0          0          0   libinit.o
         6          0          0          0          0          0   libinit2.o
         2          0          0          0          0          0   libshutdown.o
         2          0          0          0          0          0   libshutdown2.o
         8          4          0          0         96         68   libspace.o
         2          0          0          0          0          0   rtexit.o
        10          0          0          0          0          0   rtexit2.o
        12          4          0          0          0         68   sys_exit.o
        74          0          0          0          0         80   sys_stackheap_outer.o
         2          0          0          0          0         68   use_no_semi.o
       804         16          0          0          0        272   daddsub_clz.o
        24          0          0          0          0         68   dcmpi.o
       688        140          0          0          0        208   ddiv.o
        38          0          0          0          0         68   dflt_clz.o
       120          4          0          0          0         92   dleqf.o
       156          4          0          0          0         92   dnaninf.o
        12          0          0          0          0         68   dretinf.o
       108          0          0          0          0         80   drleqf.o
       430          8          0          0          0        168   faddsub_clz.o
       388         76          0          0          0         96   fdiv.o
        62          4          0          0          0         84   ffixu.o
        38          0          0          0          0         68   fflt_clz.o
       258          4          0          0          0         84   fmul.o
       140          4          0          0          0         84   fnaninf.o
        10          0          0          0          0         68   fretinf.o
         0          0          0          0          0          0   usenofp.o

    ----------------------------------------------------------------------
      3602        286          0          0         96       2264   Library Totals
        14          0          0          0          0          0   (incl. Padding)

    ----------------------------------------------------------------------

      Code (inc. data)   RO Data    RW Data    ZI Data      Debug   Library Name

       312         26          0          0         96        664   c_w.l
      3276        260          0          0          0       1600   fz_ws.l

    ----------------------------------------------------------------------
      3602        286          0          0         96       2264   Library Totals

    ----------------------------------------------------------------------

==============================================================================


      Code (inc. data)   RO Data    RW Data    ZI Data      Debug   

      9730        772        318         96       1928     585590   Grand Totals
      9730        772        318         96       1928     585590   ELF Image Totals
      9730        772        318         96          0          0   ROM Totals

==============================================================================

    Total RO  Size (Code + RO Data)                10048 (   9.81kB)
    Total RW  Size (RW Data + ZI Data)              2024 (   1.98kB)
    Total ROM Size (Code + RO Data + RW Data)      10144 (   9.91kB)

==============================================================================

